---
source: tooling/nargo_cli/tests/execute.rs
expression: artifact
---
{
  "noir_version": "[noir_version]",
  "hash": "[hash]",
  "abi": {
    "parameters": [
      {
        "name": "c",
        "type": {
          "kind": "boolean"
        },
        "visibility": "private"
      }
    ],
    "return_type": {
      "abi_type": {
        "kind": "boolean"
      },
      "visibility": "public"
    },
    "error_types": {
      "17843811134343075018": {
        "error_kind": "string",
        "string": "Stack too deep"
      }
    }
  },
  "bytecode": [
    "func 0",
    "current witness index : _1",
    "private parameters indices : [_0]",
    "public parameters indices : []",
    "return value indices : [_1]",
    "BRILLIG CALL func 0: inputs: [Single(Expression { mul_terms: [], linear_combinations: [(1, Witness(0))], q_c: 0 })], outputs: [Simple(Witness(1))]",
    "unconstrained func 0",
    "[Const { destination: Direct(2), bit_size: Integer(U32), value: 1 }, Const { destination: Direct(1), bit_size: Integer(U32), value: 32838 }, Const { destination: Direct(0), bit_size: Integer(U32), value: 3 }, Const { destination: Relative(2), bit_size: Integer(U32), value: 1 }, Const { destination: Relative(3), bit_size: Integer(U32), value: 0 }, CalldataCopy { destination_address: Direct(32836), size_address: Relative(2), offset_address: Relative(3) }, Cast { destination: Direct(32836), source: Direct(32836), bit_size: Integer(U1) }, Mov { destination: Relative(1), source: Direct(32836) }, Call { location: 14 }, Call { location: 15 }, Mov { destination: Direct(32837), source: Relative(1) }, Const { destination: Relative(2), bit_size: Integer(U32), value: 32837 }, Const { destination: Relative(3), bit_size: Integer(U32), value: 1 }, Stop { return_data: HeapVector { pointer: Relative(2), size: Relative(3) } }, Return, Call { location: 53 }, Const { destination: Relative(3), bit_size: Integer(U1), value: 1 }, Const { destination: Relative(4), bit_size: Field, value: 1 }, JumpIf { condition: Relative(1), location: 34 }, Jump { location: 20 }, Mov { destination: Relative(1), source: Direct(1) }, BinaryIntOp { destination: Direct(1), op: Add, bit_size: U32, lhs: Direct(1), rhs: Direct(2) }, Store { destination_pointer: Relative(1), source: Relative(3) }, Mov { destination: Relative(3), source: Direct(1) }, Const { destination: Relative(5), bit_size: Integer(U32), value: 3 }, BinaryIntOp { destination: Direct(1), op: Add, bit_size: U32, lhs: Direct(1), rhs: Relative(5) }, IndirectConst { destination_pointer: Relative(3), bit_size: Integer(U32), value: 1 }, BinaryIntOp { destination: Relative(5), op: Add, bit_size: U32, lhs: Relative(3), rhs: Direct(2) }, Mov { destination: Relative(6), source: Relative(5) }, Store { destination_pointer: Relative(6), source: Relative(1) }, BinaryIntOp { destination: Relative(6), op: Add, bit_size: U32, lhs: Relative(6), rhs: Direct(2) }, Store { destination_pointer: Relative(6), source: Relative(4) }, Mov { destination: Relative(2), source: Relative(3) }, Jump { location: 48 }, Mov { destination: Relative(1), source: Direct(1) }, BinaryIntOp { destination: Direct(1), op: Add, bit_size: U32, lhs: Direct(1), rhs: Direct(2) }, Store { destination_pointer: Relative(1), source: Relative(3) }, Mov { destination: Relative(3), source: Direct(1) }, Const { destination: Relative(5), bit_size: Integer(U32), value: 3 }, BinaryIntOp { destination: Direct(1), op: Add, bit_size: U32, lhs: Direct(1), rhs: Relative(5) }, IndirectConst { destination_pointer: Relative(3), bit_size: Integer(U32), value: 1 }, BinaryIntOp { destination: Relative(5), op: Add, bit_size: U32, lhs: Relative(3), rhs: Direct(2) }, Mov { destination: Relative(6), source: Relative(5) }, Store { destination_pointer: Relative(6), source: Relative(1) }, BinaryIntOp { destination: Relative(6), op: Add, bit_size: U32, lhs: Relative(6), rhs: Direct(2) }, Store { destination_pointer: Relative(6), source: Relative(4) }, Mov { destination: Relative(2), source: Relative(3) }, Jump { location: 48 }, Const { destination: Relative(1), bit_size: Integer(U32), value: 1 }, BinaryIntOp { destination: Relative(4), op: Add, bit_size: U32, lhs: Relative(2), rhs: Relative(1) }, Load { destination: Relative(3), source_pointer: Relative(4) }, Load { destination: Relative(1), source_pointer: Relative(3) }, Return, Const { destination: Direct(32772), bit_size: Integer(U32), value: 30720 }, BinaryIntOp { destination: Direct(32771), op: LessThan, bit_size: U32, lhs: Direct(0), rhs: Direct(32772) }, JumpIf { condition: Direct(32771), location: 58 }, IndirectConst { destination_pointer: Direct(1), bit_size: Integer(U64), value: 17843811134343075018 }, Trap { revert_data: HeapVector { pointer: Direct(1), size: Direct(2) } }, Return]"
  ],
  "debug_symbols": "nZLNisMgEIDfxbOH+NcmeZVSgklMEcQEGxeW4Lvv6CTb9lAovcynjt8Mg25kNH28ddZP8520l430wTpnb52bB73a2cPpRqocOERGCWcIjhCk5QCJUIgT4oyoEU2BqBAMcS5VRI1oCiQ2kthIYiMpEBKhEOAJQFOgKgR4IiVKjhG6NRiTJ3iaCSZddDB+Ja2PzlHyo10sl+6L9oWrDpCtKDF+BELByTqTV4k+7Oq9WqvdrU//svrYZlzsOuPyG180hy/Fi3+FnR5seHnjlCsFq3tn9u0U/fCUXX+XI3P8kSXMgxljMLnS46MwiBclqKqvKXf7Aw==",
  "file_map": {
    "50": {
      "source": "unconstrained fn main(c: bool) -> pub bool {\n    let b = if c {\n        [(&mut true, 1)]\n    } else {\n        [(&mut true, 1)]\n    };\n    *b[0].0\n}\n",
      "path": ""
    }
  },
  "names": [
    "main"
  ],
  "brillig_names": [
    "main"
  ]
}
