---
source: tooling/nargo_cli/tests/execute.rs
expression: artifact
---
{
  "noir_version": "[noir_version]",
  "hash": "[hash]",
  "abi": {
    "parameters": [
      {
        "name": "x",
        "type": {
          "kind": "field"
        },
        "visibility": "private"
      },
      {
        "name": "y",
        "type": {
          "kind": "field"
        },
        "visibility": "private"
      },
      {
        "name": "salt",
        "type": {
          "kind": "field"
        },
        "visibility": "private"
      },
      {
        "name": "out_x",
        "type": {
          "kind": "field"
        },
        "visibility": "private"
      },
      {
        "name": "out_y",
        "type": {
          "kind": "field"
        },
        "visibility": "private"
      },
      {
        "name": "out_hash",
        "type": {
          "kind": "field"
        },
        "visibility": "private"
      }
    ],
    "return_type": null,
    "error_types": {
      "12049594436772143978": {
        "error_kind": "string",
        "string": "array ref-count underflow detected"
      },
      "17843811134343075018": {
        "error_kind": "string",
        "string": "Stack too deep"
      }
    }
  },
  "bytecode": "H4sIAAAAAAAA/+1cTW7suBGmuiXb3bbjtv3a9pvZJCeIKEqitDOQ/1tEf8wJsu9tNgmQRZAsEiBAgMyxZjMnmAuM6FG9rq4u0RpbfB4DQ8BPP0VWffxYLFIk+wXi+xT1f8FwHw7XE3GcIM/jcI1fl+SMumKfOIN3gnPxTnAu3wnO8J3gjDzhPAgCFrR1MNt4lphIjCeo4FfDzWp4XiD5jE4gV8TunPqLOK1WTP1mxK9Wg85TP/pz0H/mR38MuH+92+vHdQG7l8NzgLiEMiBbINlviGyJZL8lshDJfkdk2Fd/T2TYx/8wyCzea7G/vx3uVwS/Dz/DHMzdTrcM/gWqm02/2u35mGhXPmf3fODxL8Eh92d7U58wAQcrPxyogNgTYu9XWAb218Jr35EBsQd4KD/QTsDdmsG6YWQBuV8zdtaMHU4X9hWK+XEePuJLBhP1jXP0fsa2yKb6BthfMxz58I1zgmeszYC7CwbrhpHhPoZl2M4FY+c96gJuMJfByBXs0HfUDvZDaI+V8OoT8Yqp44z6E9B/ieoNuqVSfaxvtTStUZkuk1rmKs9NanRepK3J0qrVnUwrlZSdjo0suk5nqtG5KdsmN6D7Z36wS2jjU6Zd7Difovf272p4jsTer3DZCyTH+f8U7HVqcdjukAfzFheq06WUbaGyuNR5Upp+VtYzI00js6YyrS6roqy7rqlVWcbK5GWmk6Yn16RV9mlesOHapNIm60zVM29UryzJqlIWRsVNU7RaKWWapqp1L27KvkXStitk3TRZUpiyVFkLuq9RvYWY319vOF56h6mKvNKqqYtKpVmSdVldd23epaqupCyLrshjkxlVZnGSF0bL1qRZKeu2S/e+esvoTuLe5Uxtkv6fTJvS5HHas5n23lv1rliZQie9edPoNNZNnHZ1nsgqTwrdVI1McvClD0g3HYe26P2MfqynjkNgf02w+hqHtgQP5YeOQ3cM1g0ju0L3WIbt3DF2OF2bGXVdz6jrZkZdtx7qeMXghPHNNXauGEwz+l46tS+A/bUQPueIn/rCLcEz1hc8x4rc5QM3Djz3fvCkgOeBwXPO4LH+dyKOfQjzhf0V435A+uHdWNtgf4D5B+fztG9tn9F1QXRxdRCkXMTYDYkM8v5xuHr2oxhjmYof1zUawd8S/DefET+849aBaPzyFC8mj+X0mzLyg8f5TYn5oWM5Ny5sGBn9drth7HBx6Sdd8+ny/a0LfrISx75q0+NwjV+XJPU9bMPzvKN66bzDU3xzzjs4/wDutgzWDSOjfsiNe1vGjm9d0Y8U1091fFkdXWPxS2MT5g/6Aje3g/m559gRU75CsefrlsG6EMd8YV4j8u5fw9XuD/wt2JehsWDK+PGBweN5rqaeW6f7jzis0xrxMGWdDvL/Itjr/O/w7oopf07q7WmvJ6Vrw2I+3Qms1y53e+ynqF42hTsv9dKWr78PXNM9iKd2QXbHfJRbz58y5uH22ojjPkbX5T3tsWcc/xfItk3hzottln+8d0j55/YAub1GV3vh/Q3g1DUn5eaRYJPrk3SO6Wk/OHf1yaQ1RV2mcZcVZdylnVRad3GmtDJVl5eVbHWW9mv1Kuv6RewirvM8L1Od9uv6SdM27Rv2yYrzCfw9QH2C22Pj1mum9GGu3bFPfKY+qV371EnXtEXRyqzMdd1kqi6Kfl8h6eJW5kWey35voKnzqmqSVpki65J+X0B3namTRpb9hg7XtngcsSnceakX27bYf6e0Lbd/PLVtp/R3z21bcPxjv7Ip3HmxzfKPfYzyz6214PyUf1df5PjHbXNNZHhuTNcHXOthntpt8no+2P9c62Gn4phzro087++XLp85c+DxdB4gd8UEbr0Qr+dz83vqyxj3DdIP72i9qW17T9fzubOHgpSLmLwnRAZ5vx6uvs9RcmvYz+E/QbIQ3ePnkCmPY0VE8n9D6nvyGet7Qmzjc50z2S0oFwvEmWDsYhnH44LIFiNlgT8h9n68ZMqB/qWjvGDeBYweihvqtWDKXo7oBX1wNpTjh44lY5jxcyT4emMZ5P12uL6lT3JnlOm4ufSDa/K5VXi3Zrj1MW4uCR7KD12Pjhis3FwlIPcRY4cbfzhdIcFA+4RNntsvfWn7BX7wONsvYHil5+y59sMyeqYnZOyEjB1O12ZGXdekPjQ22bQaqevj8By/Lk32BbC/Fl59U7p45XyB2/ebO9bhuIvxLBx4PH2zJICHm4cuGTx4Djw298LjFzdfpWN66LBt7+kcGMf9kMiobiG8+3xM4zjeE+FiyoLhDMd7Okf/OFSE2xNZOrgDWzZtBB9zMT+4PzwCN7KLu6pLsixrTC6lMZ1s+2dV1aqUZd0kscozldamadu0qDuddqo0RdmYpKvTitqKGBwLIoO8Pw8O8Xnqk+y8CGzZ7znwrbHvPPvH7R+61p25M214jwz6DXf26o6UGzs/GY3oxrYFo4PqoWel7lGdaNnLEb3cPPue5H0gz2OY8TN3XuuByCDvL4k/fURlfPsTtoXxLoR73+8N1wLZvRfcDtHusE7cuUjurG5AOMH5H1AeeqYDc7glurh9H+wTMIZwfALGt+AT7/9RPreOOtlE+eT4xzwBRxtxzPU9keH4Bja5OEi/a57z6ylnxT846njP5L9zYN0ydXTZ5nzGxa8L63P+fUewYnwfJ9jGWC9I/i9+INYvmfxfoDwPBCvGB2V/bPsWmDPatzh+Hl7BD41VXyLZ1sHPwxvy49pX484luPbVXLEK+zp3for2S8427uOuWP6W/nZwrml3WCfXfM+ml8a5jRiPHdx60ZRxE8drzDWVceeaID7gNRI6V75mbP7QMxr490t0rozXVG5IOTz+4HzRiG5sWwh+DMN6rklePB7Sspcjerm58i3JS3+7N4YZP0cM3g9EBnn/PPj2W/42g/L7krky+KHneJBx8QC3A40HuP2WTP4p8RWfbwSOuPhKf+t3xejCPuGKr/gcpU0hkvnmE/9GmPJ57aiTTZRPjn/ME3DEnSWlsRfHN7qey3E9Nb5CWfz7bp+86+L7tawnrIN+iIs0hUiO8/91UIC/EeD6mv90yuhKGlWZKqv6daamonHDJmjjcw/2K62KJkkbXWeqUvmz9j+13W4vx/3IptPhGdYLaX68Lobz/2NQYP3in6iPPOVl7Nl8/3fkC0auTzqYd+Hu8N1qd5x/uTvOD7bXu2OMIDtHMtzHbboYnjFfWBfgiEj+/w0KoE3OUBkov2HsnxH7B7iZdzjGUF1L5h3kt+3zb9JvcN3n3g95skn043cUG/iO9evvABshJ8lZUQAA",
  "debug_symbols": "rZnNbts6EIXfxessNOQMf/oqRVGkqVsYMJzATS5wUeTd7xyNjpIsJDjS3WQ+1+EXiuQMx/Xfw8/jj5ff30+XX49/Dl++/j38uJ7O59Pv7+fHh/vn0+PF//XvYcCP1A9f0t0hDxEkQoqQI2gEi1Ai1AgtQlg0LBoWDYuGRcOiYTF/L3vwV+ahRKgRWoQ+hjJEkAgpQo6gEcJSwlLCUsJSwlLDUsNSw1LDUsNSw1LDUt2iHtxSPfQxtCGCREgRcgSNYBFKhBrBLc1DH0MfIkgEt3QPOYJGsAhukcFjnWKbYo8og6skAYSQCJmgBCMUQiU0Qp9AaBaahWahWWgWmoVmoVloFpoTzBkghETIBCUYoRAqoRH6BJnmTHOmOdOcac40Z5ozzZnmTLPSrDQrzUqz0qw0K80KswEaoU9gA0EIiZAJSsDw4oBskArALzdAJijBCIVQCY3QJ0B+BAiB5kpzpbnSXGmuNFeaK83IGekAVAUcWuRNQCYowQiFUAmN0CdAHgXQ3GnuNHeaO82d5k5zp7lP5jQMBCEkQiYowQiFUAkwC6BPgLQKEEIiZIISjFAIlQBzAvQJkFYpA4SQCJkAswKMUAiV0Agw+6lL490wAswFAHMFuDnjryOtAtyc8beQVhkepFUeh7s5j8PdnDEcaRUghESAuQGUYIRCqIRG6BMgrQKE4GbFpiCtApRghEKohEboE+A+ChACzchBxSIgBwOMUAiV0Ah9AuRggBASAWasKnIwAGYsJnIwoBIaoU+AHAwQQiLAjAVHDgYYoRAqoUf9SUg9xaoi9QISAZcq5ozUC8DFijkj9QxHAqlnOBJIPRuFuKYr+pCBIIREgLkBlGCEQqiERugTIPUChJAINAvNQrPQLDQLzUJzohmpZx2QCJmgBCMUQiU0Qp8AqRdAc6Z5vNGwLOONNoIRCqESGqFPMN5oIwghEWhWmpVmpVlpVpqVZqPZaDaajWaj2Wg2mpFoGW2ma8oAEEIiuKYoQAmuKQZwTSkAn2CBD3lWsDnIs4KVQ54FCCER0MvhTyDPAoxQCJXQCH2CsT8cQQiJQHOjudHcaG40N5obzX00v77eHdjCf3++Ho/o4N/19N7pP91fj5fnw5fLy/l8d/jn/vwy/tKfp/vLGJ/vr/6uK4+Xnx5d+Ot0PoJe795GD8tDBeVnHOz35TzcPo6XlfH+mBT4g84G6TcbFH1kGFTyFoO1QkOxRYMuG7zi8Cm8jJQtcyhI42kO3ZYMZdmg1nUyaNG3rZSyzZCXDCunIc1bkd6tgt18mpLyKPp1vGV8nbch1cXTuLIN3r5xG7yBGxY3ck0haG9C4U3yJoV3N1T4eVpU/A8ncm0Wfs3Ms8hpm6KzPPjWbpuF6jwLNdmksDorysa1KHk+2UVtm6LOa1FT3q9YfJCVBMlzufaLdEOC+b3H8T1vGK+dy2iD7BsvtmG8JWaFvSuRnxhvHF9ksUCltnbXZJY4cdnSFqa+sgdlzghvZxYLTF55jDZwGdv7Y1Q/ClZOYlHeFB8uzE8IGp+hvL/1PyPgOtZhcQary1jLnAttkE07UefjsF2h/RbF6pHC/6xMRyrVbYqbOqDcd184q7O4rQdS2d0E3a7Y0gWVucj4KV8qEqr7G1LbvR23PcVyqV+//KvO/UPb2D9YeVMsL8T+aml7q6XtrZa2t1ra3mqp+6ul7q+Wur9arh+puQXy07WtDdNh/pCgqW/6xKlvJds2fV68rY8osjszStqZGTg4uzJjVXBLZqwLbsiM1WW8LTPWFTdlxrritszY1kZ881f3D6frh2+MX+G6nu5/nI/Ty18vl4d37z7/+8R3+I3z0/Xx4fjz5XqE6e1rZ//xVf0sacrf8LWjv8Qnx9wbXsr4st/pIN9eMZn/AA==",
  "file_map": {
    "16": {
      "source": "use crate::cmp::Eq;\nuse crate::hash::Hash;\nuse crate::ops::arith::{Add, Neg, Sub};\n\n/// A point on the embedded elliptic curve\n/// By definition, the base field of the embedded curve is the scalar field of the proof system curve, i.e the Noir Field.\n/// x and y denotes the Weierstrass coordinates of the point, if is_infinite is false.\npub struct EmbeddedCurvePoint {\n    pub x: Field,\n    pub y: Field,\n    pub is_infinite: bool,\n}\n\nimpl EmbeddedCurvePoint {\n    /// Elliptic curve point doubling operation\n    /// returns the doubled point of a point P, i.e P+P\n    pub fn double(self) -> EmbeddedCurvePoint {\n        embedded_curve_add(self, self)\n    }\n\n    /// Returns the null element of the curve; 'the point at infinity'\n    pub fn point_at_infinity() -> EmbeddedCurvePoint {\n        EmbeddedCurvePoint { x: 0, y: 0, is_infinite: true }\n    }\n\n    /// Returns the curve's generator point.\n    pub fn generator() -> EmbeddedCurvePoint {\n        // Generator point for the grumpkin curve (y^2 = x^3 - 17)\n        EmbeddedCurvePoint {\n            x: 1,\n            y: 17631683881184975370165255887551781615748388533673675138860, // sqrt(-16)\n            is_infinite: false,\n        }\n    }\n}\n\nimpl Add for EmbeddedCurvePoint {\n    /// Adds two points P+Q, using the curve addition formula, and also handles point at infinity\n    fn add(self, other: EmbeddedCurvePoint) -> EmbeddedCurvePoint {\n        embedded_curve_add(self, other)\n    }\n}\n\nimpl Sub for EmbeddedCurvePoint {\n    /// Points subtraction operation, using addition and negation\n    fn sub(self, other: EmbeddedCurvePoint) -> EmbeddedCurvePoint {\n        self + other.neg()\n    }\n}\n\nimpl Neg for EmbeddedCurvePoint {\n    /// Negates a point P, i.e returns -P, by negating the y coordinate.\n    /// If the point is at infinity, then the result is also at infinity.\n    fn neg(self) -> EmbeddedCurvePoint {\n        EmbeddedCurvePoint { x: self.x, y: -self.y, is_infinite: self.is_infinite }\n    }\n}\n\nimpl Eq for EmbeddedCurvePoint {\n    /// Checks whether two points are equal\n    fn eq(self: Self, b: EmbeddedCurvePoint) -> bool {\n        (self.is_infinite & b.is_infinite)\n            | ((self.is_infinite == b.is_infinite) & (self.x == b.x) & (self.y == b.y))\n    }\n}\n\nimpl Hash for EmbeddedCurvePoint {\n    fn hash<H>(self, state: &mut H)\n    where\n        H: crate::hash::Hasher,\n    {\n        if self.is_infinite {\n            self.is_infinite.hash(state);\n        } else {\n            self.x.hash(state);\n            self.y.hash(state);\n        }\n    }\n}\n\n/// Scalar for the embedded curve represented as low and high limbs\n/// By definition, the scalar field of the embedded curve is base field of the proving system curve.\n/// It may not fit into a Field element, so it is represented with two Field elements; its low and high limbs.\npub struct EmbeddedCurveScalar {\n    pub lo: Field,\n    pub hi: Field,\n}\n\nimpl EmbeddedCurveScalar {\n    pub fn new(lo: Field, hi: Field) -> Self {\n        EmbeddedCurveScalar { lo, hi }\n    }\n\n    #[field(bn254)]\n    pub fn from_field(scalar: Field) -> EmbeddedCurveScalar {\n        let (a, b) = crate::field::bn254::decompose(scalar);\n        EmbeddedCurveScalar { lo: a, hi: b }\n    }\n\n    //Bytes to scalar: take the first (after the specified offset) 16 bytes of the input as the lo value, and the next 16 bytes as the hi value\n    #[field(bn254)]\n    pub(crate) fn from_bytes(bytes: [u8; 64], offset: u32) -> EmbeddedCurveScalar {\n        let mut v = 1;\n        let mut lo = 0 as Field;\n        let mut hi = 0 as Field;\n        for i in 0..16 {\n            lo = lo + (bytes[offset + 31 - i] as Field) * v;\n            hi = hi + (bytes[offset + 15 - i] as Field) * v;\n            v = v * 256;\n        }\n        let sig_s = crate::embedded_curve_ops::EmbeddedCurveScalar { lo, hi };\n        sig_s\n    }\n}\n\nimpl Eq for EmbeddedCurveScalar {\n    fn eq(self, other: Self) -> bool {\n        (other.hi == self.hi) & (other.lo == self.lo)\n    }\n}\n\nimpl Hash for EmbeddedCurveScalar {\n    fn hash<H>(self, state: &mut H)\n    where\n        H: crate::hash::Hasher,\n    {\n        self.hi.hash(state);\n        self.lo.hash(state);\n    }\n}\n\n// Computes a multi scalar multiplication over the embedded curve.\n// For bn254, We have Grumpkin and Baby JubJub.\n// For bls12-381, we have JubJub and Bandersnatch.\n//\n// The embedded curve being used is decided by the\n// underlying proof system.\n// docs:start:multi_scalar_mul\npub fn multi_scalar_mul<let N: u32>(\n    points: [EmbeddedCurvePoint; N],\n    scalars: [EmbeddedCurveScalar; N],\n) -> EmbeddedCurvePoint\n// docs:end:multi_scalar_mul\n{\n    multi_scalar_mul_array_return(points, scalars)[0]\n}\n\n#[foreign(multi_scalar_mul)]\npub(crate) fn multi_scalar_mul_array_return<let N: u32>(\n    points: [EmbeddedCurvePoint; N],\n    scalars: [EmbeddedCurveScalar; N],\n) -> [EmbeddedCurvePoint; 1] {}\n\n// docs:start:fixed_base_scalar_mul\npub fn fixed_base_scalar_mul(scalar: EmbeddedCurveScalar) -> EmbeddedCurvePoint\n// docs:end:fixed_base_scalar_mul\n{\n    multi_scalar_mul([EmbeddedCurvePoint::generator()], [scalar])\n}\n\n/// This function only assumes that the points are on the curve\n/// It handles corner cases around the infinity point causing some overhead compared to embedded_curve_add_not_nul and embedded_curve_add_unsafe\n// docs:start:embedded_curve_add\npub fn embedded_curve_add(\n    point1: EmbeddedCurvePoint,\n    point2: EmbeddedCurvePoint,\n) -> EmbeddedCurvePoint {\n    // docs:end:embedded_curve_add\n    if crate::runtime::is_unconstrained() {\n        // `embedded_curve_add_unsafe` requires the inputs not to be the infinity point, so we check it here.\n        // This is because `embedded_curve_add_unsafe` uses the `embedded_curve_add` opcode.\n        // For efficiency, the backend does not check the inputs for the infinity point, but it assumes that they are not the infinity point\n        // so that it can apply the ec addition formula directly.\n        if point1.is_infinite {\n            point2\n        } else if point2.is_infinite {\n            point1\n        } else {\n            embedded_curve_add_unsafe(point1, point2)\n        }\n    } else {\n        // In a constrained context, we also need to check the inputs are not the infinity point because we also use `embedded_curve_add_unsafe`\n        // However we also need to identify the case where the two inputs are the same, because then\n        // the addition formula does not work and we need to use the doubling formula instead.\n        // In unconstrained context, we can check directly if the input values are the same when solving the opcode, so it is not an issue.\n\n        // x_coordinates_match is true if both abscissae are the same\n        let x_coordinates_match = point1.x == point2.x;\n        // y_coordinates_match is true if both ordinates are the same\n        let y_coordinates_match = point1.y == point2.y;\n        // double_predicate is true if both abscissae and ordinates are the same\n        let double_predicate = (x_coordinates_match & y_coordinates_match);\n        // If the abscissae are the same, but not the ordinates, then one point is the opposite of the other\n        let infinity_predicate = (x_coordinates_match & !y_coordinates_match);\n        let point1_1 = EmbeddedCurvePoint {\n            x: point1.x + (x_coordinates_match as Field),\n            y: point1.y,\n            is_infinite: false,\n        };\n        let point2_1 = EmbeddedCurvePoint { x: point2.x, y: point2.y, is_infinite: false };\n        // point1_1 is guaranteed to have a different abscissa than point2:\n        // - if x_coordinates_match is 0, that means point1.x != point2.x, and point1_1.x = point1.x + 0\n        // - if x_coordinates_match is 1, that means point1.x = point2.x, but point1_1.x = point1.x + 1 in this case\n        // Because the abscissa is different, the addition formula is guaranteed to succeed, so we can safely use `embedded_curve_add_unsafe`\n        // Note that this computation may be garbage: if x_coordinates_match is 1, or if one of the input is the point at infinity.\n        let mut result = embedded_curve_add_unsafe(point1_1, point2_1);\n\n        // `embedded_curve_add_unsafe` is doing a doubling if the input is the same variable, because in this case it is guaranteed (at 'compile time') that the input is the same.\n        let double = embedded_curve_add_unsafe(point1, point1);\n        // `embedded_curve_add_unsafe` would not perform doubling, even if the inputs point1 and point2 are the same, because it cannot know this without adding some logic (and some constraints)\n        // However we did this logic when we computed `double_predicate`, so we set the result to 2*point1 if point1 and point2 are the same\n        result = if double_predicate { double } else { result };\n\n        // Same logic as above for unconstrained context, we set the proper result when one of the inputs is the infinity point\n        if point1.is_infinite {\n            result = point2;\n        }\n        if point2.is_infinite {\n            result = point1;\n        }\n\n        // Finally, we set the is_infinity flag of the result:\n        // Opposite points should sum into the infinity point, however, if one of them is point at infinity, their coordinates are not meaningful\n        // so we should not use the fact that the inputs are opposite in this case:\n        let mut result_is_infinity =\n            infinity_predicate & (!point1.is_infinite & !point2.is_infinite);\n        // However, if both of them are at infinity, then the result is also at infinity\n        result.is_infinite = result_is_infinity | (point1.is_infinite & point2.is_infinite);\n        result\n    }\n}\n\n#[foreign(embedded_curve_add)]\nfn embedded_curve_add_array_return(\n    _point1: EmbeddedCurvePoint,\n    _point2: EmbeddedCurvePoint,\n) -> [EmbeddedCurvePoint; 1] {}\n\n/// This function assumes that:\n/// The points are on the curve, and\n/// The points don't share an x-coordinate, and\n/// Neither point is the infinity point.\n/// If it is used with correct input, the function ensures the correct non-zero result is returned.\n/// Except for points on the curve, the other assumptions are checked by the function. It will cause assertion failure if they are not respected.\npub fn embedded_curve_add_not_nul(\n    point1: EmbeddedCurvePoint,\n    point2: EmbeddedCurvePoint,\n) -> EmbeddedCurvePoint {\n    assert(point1.x != point2.x);\n    assert(!point1.is_infinite);\n    assert(!point2.is_infinite);\n    embedded_curve_add_unsafe(point1, point2)\n}\n\n/// Unsafe ec addition\n/// If the inputs are the same, it will perform a doubling, but only if point1 and point2 are the same variable.\n/// If they have the same value but are different variables, the result will be incorrect because in this case\n/// it assumes (but does not check) that the points' x-coordinates are not equal.\n/// It also assumes neither point is the infinity point.\npub fn embedded_curve_add_unsafe(\n    point1: EmbeddedCurvePoint,\n    point2: EmbeddedCurvePoint,\n) -> EmbeddedCurvePoint {\n    embedded_curve_add_array_return(point1, point2)[0]\n}\n",
      "path": "std/embedded_curve_ops.nr"
    },
    "17": {
      "source": "use crate::field::field_less_than;\nuse crate::runtime::is_unconstrained;\n\n// The low and high decomposition of the field modulus\nglobal PLO: Field = 53438638232309528389504892708671455233;\nglobal PHI: Field = 64323764613183177041862057485226039389;\n\npub(crate) global TWO_POW_128: Field = 0x100000000000000000000000000000000;\n\n// Decomposes a single field into two 16 byte fields.\nfn compute_decomposition(x: Field) -> (Field, Field) {\n    // Here's we're taking advantage of truncating 128 bit limbs from the input field\n    // and then subtracting them from the input such the field division is equivalent to integer division.\n    let low = (x as u128) as Field;\n    let high = (x - low) / TWO_POW_128;\n\n    (low, high)\n}\n\npub(crate) unconstrained fn decompose_hint(x: Field) -> (Field, Field) {\n    compute_decomposition(x)\n}\n\nunconstrained fn lte_hint(x: Field, y: Field) -> bool {\n    if x == y {\n        true\n    } else {\n        field_less_than(x, y)\n    }\n}\n\n// Assert that (alo > blo && ahi >= bhi) || (alo <= blo && ahi > bhi)\nfn assert_gt_limbs(a: (Field, Field), b: (Field, Field)) {\n    let (alo, ahi) = a;\n    let (blo, bhi) = b;\n    // Safety: borrow is enforced to be boolean due to its type.\n    // if borrow is 0, it asserts that (alo > blo && ahi >= bhi)\n    // if borrow is 1, it asserts that (alo <= blo && ahi > bhi)\n    unsafe {\n        let borrow = lte_hint(alo, blo);\n\n        let rlo = alo - blo - 1 + (borrow as Field) * TWO_POW_128;\n        let rhi = ahi - bhi - (borrow as Field);\n\n        rlo.assert_max_bit_size::<128>();\n        rhi.assert_max_bit_size::<128>();\n    }\n}\n\n/// Decompose a single field into two 16 byte fields.\npub fn decompose(x: Field) -> (Field, Field) {\n    if is_unconstrained() {\n        compute_decomposition(x)\n    } else {\n        // Safety: decomposition is properly checked below\n        unsafe {\n            // Take hints of the decomposition\n            let (xlo, xhi) = decompose_hint(x);\n\n            // Range check the limbs\n            xlo.assert_max_bit_size::<128>();\n            xhi.assert_max_bit_size::<128>();\n\n            // Check that the decomposition is correct\n            assert_eq(x, xlo + TWO_POW_128 * xhi);\n\n            // Assert that the decomposition of P is greater than the decomposition of x\n            assert_gt_limbs((PLO, PHI), (xlo, xhi));\n            (xlo, xhi)\n        }\n    }\n}\n\npub fn assert_gt(a: Field, b: Field) {\n    if is_unconstrained() {\n        assert(\n            // Safety: already unconstrained\n            unsafe { field_less_than(b, a) },\n        );\n    } else {\n        // Decompose a and b\n        let a_limbs = decompose(a);\n        let b_limbs = decompose(b);\n\n        // Assert that a_limbs is greater than b_limbs\n        assert_gt_limbs(a_limbs, b_limbs)\n    }\n}\n\npub fn assert_lt(a: Field, b: Field) {\n    assert_gt(b, a);\n}\n\npub fn gt(a: Field, b: Field) -> bool {\n    if is_unconstrained() {\n        // Safety: unsafe in unconstrained\n        unsafe {\n            field_less_than(b, a)\n        }\n    } else if a == b {\n        false\n    } else {\n        // Safety: Take a hint of the comparison and verify it\n        unsafe {\n            if field_less_than(a, b) {\n                assert_gt(b, a);\n                false\n            } else {\n                assert_gt(a, b);\n                true\n            }\n        }\n    }\n}\n\npub fn lt(a: Field, b: Field) -> bool {\n    gt(b, a)\n}\n\nmod tests {\n    // TODO: Allow imports from \"super\"\n    use crate::field::bn254::{assert_gt, decompose, gt, lte_hint, PHI, PLO, TWO_POW_128};\n\n    #[test]\n    fn check_decompose() {\n        assert_eq(decompose(TWO_POW_128), (0, 1));\n        assert_eq(decompose(TWO_POW_128 + 0x1234567890), (0x1234567890, 1));\n        assert_eq(decompose(0x1234567890), (0x1234567890, 0));\n    }\n\n    #[test]\n    unconstrained fn check_decompose_unconstrained() {\n        assert_eq(decompose(TWO_POW_128), (0, 1));\n        assert_eq(decompose(TWO_POW_128 + 0x1234567890), (0x1234567890, 1));\n        assert_eq(decompose(0x1234567890), (0x1234567890, 0));\n    }\n\n    #[test]\n    unconstrained fn check_lte_hint() {\n        assert(lte_hint(0, 1));\n        assert(lte_hint(0, 0x100));\n        assert(lte_hint(0x100, TWO_POW_128 - 1));\n        assert(!lte_hint(0 - 1, 0));\n\n        assert(lte_hint(0, 0));\n        assert(lte_hint(0x100, 0x100));\n        assert(lte_hint(0 - 1, 0 - 1));\n    }\n\n    #[test]\n    fn check_assert_gt() {\n        assert_gt(1, 0);\n        assert_gt(0x100, 0);\n        assert_gt((0 - 1), (0 - 2));\n        assert_gt(TWO_POW_128, 0);\n        assert_gt(0 - 1, 0);\n    }\n\n    #[test]\n    unconstrained fn check_assert_gt_unconstrained() {\n        assert_gt(1, 0);\n        assert_gt(0x100, 0);\n        assert_gt((0 - 1), (0 - 2));\n        assert_gt(TWO_POW_128, 0);\n        assert_gt(0 - 1, 0);\n    }\n\n    #[test]\n    fn check_gt() {\n        assert(gt(1, 0));\n        assert(gt(0x100, 0));\n        assert(gt((0 - 1), (0 - 2)));\n        assert(gt(TWO_POW_128, 0));\n        assert(!gt(0, 0));\n        assert(!gt(0, 0x100));\n        assert(gt(0 - 1, 0 - 2));\n        assert(!gt(0 - 2, 0 - 1));\n    }\n\n    #[test]\n    unconstrained fn check_gt_unconstrained() {\n        assert(gt(1, 0));\n        assert(gt(0x100, 0));\n        assert(gt((0 - 1), (0 - 2)));\n        assert(gt(TWO_POW_128, 0));\n        assert(!gt(0, 0));\n        assert(!gt(0, 0x100));\n        assert(gt(0 - 1, 0 - 2));\n        assert(!gt(0 - 2, 0 - 1));\n    }\n\n    #[test]\n    fn check_plo_phi() {\n        assert_eq(PLO + PHI * TWO_POW_128, 0);\n        let p_bytes = crate::field::modulus_le_bytes();\n        let mut p_low: Field = 0;\n        let mut p_high: Field = 0;\n\n        let mut offset = 1;\n        for i in 0..16 {\n            p_low += (p_bytes[i] as Field) * offset;\n            p_high += (p_bytes[i + 16] as Field) * offset;\n            offset *= 256;\n        }\n        assert_eq(p_low, PLO);\n        assert_eq(p_high, PHI);\n    }\n}\n",
      "path": "std/field/bn254.nr"
    },
    "19": {
      "source": "// Exposed only for usage in `std::meta`\npub(crate) mod poseidon2;\n\nuse crate::default::Default;\nuse crate::embedded_curve_ops::{\n    EmbeddedCurvePoint, EmbeddedCurveScalar, multi_scalar_mul, multi_scalar_mul_array_return,\n};\nuse crate::meta::derive_via;\n\n#[foreign(sha256_compression)]\n// docs:start:sha256_compression\npub fn sha256_compression(input: [u32; 16], state: [u32; 8]) -> [u32; 8] {}\n// docs:end:sha256_compression\n\n#[foreign(keccakf1600)]\n// docs:start:keccakf1600\npub fn keccakf1600(input: [u64; 25]) -> [u64; 25] {}\n// docs:end:keccakf1600\n\npub mod keccak {\n    #[deprecated(\"This function has been moved to std::hash::keccakf1600\")]\n    pub fn keccakf1600(input: [u64; 25]) -> [u64; 25] {\n        super::keccakf1600(input)\n    }\n}\n\n#[foreign(blake2s)]\n// docs:start:blake2s\npub fn blake2s<let N: u32>(input: [u8; N]) -> [u8; 32]\n// docs:end:blake2s\n{}\n\n#[foreign(blake3)]\n// docs:start:blake3\npub fn blake3<let N: u32>(input: [u8; N]) -> [u8; 32]\n// docs:end:blake3\n{}\n\n// docs:start:pedersen_commitment\npub fn pedersen_commitment<let N: u32>(input: [Field; N]) -> EmbeddedCurvePoint {\n    // docs:end:pedersen_commitment\n    pedersen_commitment_with_separator(input, 0)\n}\n\n#[inline_always]\npub fn pedersen_commitment_with_separator<let N: u32>(\n    input: [Field; N],\n    separator: u32,\n) -> EmbeddedCurvePoint {\n    let mut points = [EmbeddedCurveScalar { lo: 0, hi: 0 }; N];\n    for i in 0..N {\n        // we use the unsafe version because the multi_scalar_mul will constrain the scalars.\n        points[i] = from_field_unsafe(input[i]);\n    }\n    let generators = derive_generators(\"DEFAULT_DOMAIN_SEPARATOR\".as_bytes(), separator);\n    multi_scalar_mul(generators, points)\n}\n\n// docs:start:pedersen_hash\npub fn pedersen_hash<let N: u32>(input: [Field; N]) -> Field\n// docs:end:pedersen_hash\n{\n    pedersen_hash_with_separator(input, 0)\n}\n\n#[no_predicates]\npub fn pedersen_hash_with_separator<let N: u32>(input: [Field; N], separator: u32) -> Field {\n    let mut scalars: [EmbeddedCurveScalar; N + 1] = [EmbeddedCurveScalar { lo: 0, hi: 0 }; N + 1];\n    let mut generators: [EmbeddedCurvePoint; N + 1] =\n        [EmbeddedCurvePoint::point_at_infinity(); N + 1];\n    let domain_generators: [EmbeddedCurvePoint; N] =\n        derive_generators(\"DEFAULT_DOMAIN_SEPARATOR\".as_bytes(), separator);\n\n    for i in 0..N {\n        scalars[i] = from_field_unsafe(input[i]);\n        generators[i] = domain_generators[i];\n    }\n    scalars[N] = EmbeddedCurveScalar { lo: N as Field, hi: 0 as Field };\n\n    let length_generator: [EmbeddedCurvePoint; 1] =\n        derive_generators(\"pedersen_hash_length\".as_bytes(), 0);\n    generators[N] = length_generator[0];\n    multi_scalar_mul_array_return(generators, scalars)[0].x\n}\n\n#[field(bn254)]\n#[inline_always]\npub fn derive_generators<let N: u32, let M: u32>(\n    domain_separator_bytes: [u8; M],\n    starting_index: u32,\n) -> [EmbeddedCurvePoint; N] {\n    crate::assert_constant(domain_separator_bytes);\n    // TODO(https://github.com/noir-lang/noir/issues/5672): Add back assert_constant on starting_index\n    __derive_generators(domain_separator_bytes, starting_index)\n}\n\n#[builtin(derive_pedersen_generators)]\n#[field(bn254)]\nfn __derive_generators<let N: u32, let M: u32>(\n    domain_separator_bytes: [u8; M],\n    starting_index: u32,\n) -> [EmbeddedCurvePoint; N] {}\n\n#[field(bn254)]\n// Same as from_field but:\n// does not assert the limbs are 128 bits\n// does not assert the decomposition does not overflow the EmbeddedCurveScalar\nfn from_field_unsafe(scalar: Field) -> EmbeddedCurveScalar {\n    // Safety: xlo and xhi decomposition is checked below\n    let (xlo, xhi) = unsafe { crate::field::bn254::decompose_hint(scalar) };\n    // Check that the decomposition is correct\n    assert_eq(scalar, xlo + crate::field::bn254::TWO_POW_128 * xhi);\n    EmbeddedCurveScalar { lo: xlo, hi: xhi }\n}\n\npub fn hash_to_field(inputs: [Field]) -> Field {\n    let mut sum = 0;\n\n    for input in inputs {\n        let input_bytes: [u8; 32] = input.to_le_bytes();\n        sum += crate::field::bytes32_to_field(blake2s(input_bytes));\n    }\n\n    sum\n}\n\n#[foreign(poseidon2_permutation)]\npub fn poseidon2_permutation<let N: u32>(_input: [Field; N], _state_length: u32) -> [Field; N] {}\n\n// Generic hashing support.\n// Partially ported and impacted by rust.\n\n// Hash trait shall be implemented per type.\n#[derive_via(derive_hash)]\npub trait Hash {\n    fn hash<H>(self, state: &mut H)\n    where\n        H: Hasher;\n}\n\n// docs:start:derive_hash\ncomptime fn derive_hash(s: TypeDefinition) -> Quoted {\n    let name = quote { Hash };\n    let signature = quote { fn hash<H>(_self: Self, _state: &mut H) where H: std::hash::Hasher };\n    let for_each_field = |name| quote { _self.$name.hash(_state); };\n    crate::meta::make_trait_impl(\n        s,\n        name,\n        signature,\n        for_each_field,\n        quote {},\n        |fields| fields,\n    )\n}\n// docs:end:derive_hash\n\n// Hasher trait shall be implemented by algorithms to provide hash-agnostic means.\n// TODO: consider making the types generic here ([u8], [Field], etc.)\npub trait Hasher {\n    fn finish(self) -> Field;\n\n    fn write(&mut self, input: Field);\n}\n\n// BuildHasher is a factory trait, responsible for production of specific Hasher.\npub trait BuildHasher<H>\nwhere\n    H: Hasher,\n{\n    fn build_hasher(self) -> H;\n}\n\npub struct BuildHasherDefault<H>;\n\nimpl<H> BuildHasher<H> for BuildHasherDefault<H>\nwhere\n    H: Hasher + Default,\n{\n    fn build_hasher(_self: Self) -> H {\n        H::default()\n    }\n}\n\nimpl<H> Default for BuildHasherDefault<H>\nwhere\n    H: Hasher + Default,\n{\n    fn default() -> Self {\n        BuildHasherDefault {}\n    }\n}\n\nimpl Hash for Field {\n    fn hash<H>(self, state: &mut H)\n    where\n        H: Hasher,\n    {\n        H::write(state, self);\n    }\n}\n\nimpl Hash for u1 {\n    fn hash<H>(self, state: &mut H)\n    where\n        H: Hasher,\n    {\n        H::write(state, self as Field);\n    }\n}\n\nimpl Hash for u8 {\n    fn hash<H>(self, state: &mut H)\n    where\n        H: Hasher,\n    {\n        H::write(state, self as Field);\n    }\n}\n\nimpl Hash for u16 {\n    fn hash<H>(self, state: &mut H)\n    where\n        H: Hasher,\n    {\n        H::write(state, self as Field);\n    }\n}\n\nimpl Hash for u32 {\n    fn hash<H>(self, state: &mut H)\n    where\n        H: Hasher,\n    {\n        H::write(state, self as Field);\n    }\n}\n\nimpl Hash for u64 {\n    fn hash<H>(self, state: &mut H)\n    where\n        H: Hasher,\n    {\n        H::write(state, self as Field);\n    }\n}\n\nimpl Hash for u128 {\n    fn hash<H>(self, state: &mut H)\n    where\n        H: Hasher,\n    {\n        H::write(state, self as Field);\n    }\n}\n\nimpl Hash for i8 {\n    fn hash<H>(self, state: &mut H)\n    where\n        H: Hasher,\n    {\n        H::write(state, self as Field);\n    }\n}\n\nimpl Hash for i16 {\n    fn hash<H>(self, state: &mut H)\n    where\n        H: Hasher,\n    {\n        H::write(state, self as Field);\n    }\n}\n\nimpl Hash for i32 {\n    fn hash<H>(self, state: &mut H)\n    where\n        H: Hasher,\n    {\n        H::write(state, self as Field);\n    }\n}\n\nimpl Hash for i64 {\n    fn hash<H>(self, state: &mut H)\n    where\n        H: Hasher,\n    {\n        H::write(state, self as Field);\n    }\n}\n\nimpl Hash for bool {\n    fn hash<H>(self, state: &mut H)\n    where\n        H: Hasher,\n    {\n        H::write(state, self as Field);\n    }\n}\n\nimpl Hash for () {\n    fn hash<H>(_self: Self, _state: &mut H)\n    where\n        H: Hasher,\n    {}\n}\n\nimpl<T, let N: u32> Hash for [T; N]\nwhere\n    T: Hash,\n{\n    fn hash<H>(self, state: &mut H)\n    where\n        H: Hasher,\n    {\n        for elem in self {\n            elem.hash(state);\n        }\n    }\n}\n\nimpl<T> Hash for [T]\nwhere\n    T: Hash,\n{\n    fn hash<H>(self, state: &mut H)\n    where\n        H: Hasher,\n    {\n        self.len().hash(state);\n        for elem in self {\n            elem.hash(state);\n        }\n    }\n}\n\nimpl<A, B> Hash for (A, B)\nwhere\n    A: Hash,\n    B: Hash,\n{\n    fn hash<H>(self, state: &mut H)\n    where\n        H: Hasher,\n    {\n        self.0.hash(state);\n        self.1.hash(state);\n    }\n}\n\nimpl<A, B, C> Hash for (A, B, C)\nwhere\n    A: Hash,\n    B: Hash,\n    C: Hash,\n{\n    fn hash<H>(self, state: &mut H)\n    where\n        H: Hasher,\n    {\n        self.0.hash(state);\n        self.1.hash(state);\n        self.2.hash(state);\n    }\n}\n\nimpl<A, B, C, D> Hash for (A, B, C, D)\nwhere\n    A: Hash,\n    B: Hash,\n    C: Hash,\n    D: Hash,\n{\n    fn hash<H>(self, state: &mut H)\n    where\n        H: Hasher,\n    {\n        self.0.hash(state);\n        self.1.hash(state);\n        self.2.hash(state);\n        self.3.hash(state);\n    }\n}\n\nimpl<A, B, C, D, E> Hash for (A, B, C, D, E)\nwhere\n    A: Hash,\n    B: Hash,\n    C: Hash,\n    D: Hash,\n    E: Hash,\n{\n    fn hash<H>(self, state: &mut H)\n    where\n        H: Hasher,\n    {\n        self.0.hash(state);\n        self.1.hash(state);\n        self.2.hash(state);\n        self.3.hash(state);\n        self.4.hash(state);\n    }\n}\n\n// Some test vectors for Pedersen hash and Pedersen Commitment.\n// They have been generated using the same functions so the tests are for now useless\n// but they will be useful when we switch to Noir implementation.\n#[test]\nfn assert_pedersen() {\n    assert_eq(\n        pedersen_hash_with_separator([1], 1),\n        0x1b3f4b1a83092a13d8d1a59f7acb62aba15e7002f4440f2275edb99ebbc2305f,\n    );\n    assert_eq(\n        pedersen_commitment_with_separator([1], 1),\n        EmbeddedCurvePoint {\n            x: 0x054aa86a73cb8a34525e5bbed6e43ba1198e860f5f3950268f71df4591bde402,\n            y: 0x209dcfbf2cfb57f9f6046f44d71ac6faf87254afc7407c04eb621a6287cac126,\n            is_infinite: false,\n        },\n    );\n\n    assert_eq(\n        pedersen_hash_with_separator([1, 2], 2),\n        0x26691c129448e9ace0c66d11f0a16d9014a9e8498ee78f4d69f0083168188255,\n    );\n    assert_eq(\n        pedersen_commitment_with_separator([1, 2], 2),\n        EmbeddedCurvePoint {\n            x: 0x2e2b3b191e49541fe468ec6877721d445dcaffe41728df0a0eafeb15e87b0753,\n            y: 0x2ff4482400ad3a6228be17a2af33e2bcdf41be04795f9782bd96efe7e24f8778,\n            is_infinite: false,\n        },\n    );\n    assert_eq(\n        pedersen_hash_with_separator([1, 2, 3], 3),\n        0x0bc694b7a1f8d10d2d8987d07433f26bd616a2d351bc79a3c540d85b6206dbe4,\n    );\n    assert_eq(\n        pedersen_commitment_with_separator([1, 2, 3], 3),\n        EmbeddedCurvePoint {\n            x: 0x1fee4e8cf8d2f527caa2684236b07c4b1bad7342c01b0f75e9a877a71827dc85,\n            y: 0x2f9fedb9a090697ab69bf04c8bc15f7385b3e4b68c849c1536e5ae15ff138fd1,\n            is_infinite: false,\n        },\n    );\n    assert_eq(\n        pedersen_hash_with_separator([1, 2, 3, 4], 4),\n        0xdae10fb32a8408521803905981a2b300d6a35e40e798743e9322b223a5eddc,\n    );\n    assert_eq(\n        pedersen_commitment_with_separator([1, 2, 3, 4], 4),\n        EmbeddedCurvePoint {\n            x: 0x07ae3e202811e1fca39c2d81eabe6f79183978e6f12be0d3b8eda095b79bdbc9,\n            y: 0x0afc6f892593db6fbba60f2da558517e279e0ae04f95758587760ba193145014,\n            is_infinite: false,\n        },\n    );\n    assert_eq(\n        pedersen_hash_with_separator([1, 2, 3, 4, 5], 5),\n        0xfc375b062c4f4f0150f7100dfb8d9b72a6d28582dd9512390b0497cdad9c22,\n    );\n    assert_eq(\n        pedersen_commitment_with_separator([1, 2, 3, 4, 5], 5),\n        EmbeddedCurvePoint {\n            x: 0x1754b12bd475a6984a1094b5109eeca9838f4f81ac89c5f0a41dbce53189bb29,\n            y: 0x2da030e3cfcdc7ddad80eaf2599df6692cae0717d4e9f7bfbee8d073d5d278f7,\n            is_infinite: false,\n        },\n    );\n    assert_eq(\n        pedersen_hash_with_separator([1, 2, 3, 4, 5, 6], 6),\n        0x1696ed13dc2730062a98ac9d8f9de0661bb98829c7582f699d0273b18c86a572,\n    );\n    assert_eq(\n        pedersen_commitment_with_separator([1, 2, 3, 4, 5, 6], 6),\n        EmbeddedCurvePoint {\n            x: 0x190f6c0e97ad83e1e28da22a98aae156da083c5a4100e929b77e750d3106a697,\n            y: 0x1f4b60f34ef91221a0b49756fa0705da93311a61af73d37a0c458877706616fb,\n            is_infinite: false,\n        },\n    );\n    assert_eq(\n        pedersen_hash_with_separator([1, 2, 3, 4, 5, 6, 7], 7),\n        0x128c0ff144fc66b6cb60eeac8a38e23da52992fc427b92397a7dffd71c45ede3,\n    );\n    assert_eq(\n        pedersen_commitment_with_separator([1, 2, 3, 4, 5, 6, 7], 7),\n        EmbeddedCurvePoint {\n            x: 0x015441e9d29491b06563fac16fc76abf7a9534c715421d0de85d20dbe2965939,\n            y: 0x1d2575b0276f4e9087e6e07c2cb75aa1baafad127af4be5918ef8a2ef2fea8fc,\n            is_infinite: false,\n        },\n    );\n    assert_eq(\n        pedersen_hash_with_separator([1, 2, 3, 4, 5, 6, 7, 8], 8),\n        0x2f960e117482044dfc99d12fece2ef6862fba9242be4846c7c9a3e854325a55c,\n    );\n    assert_eq(\n        pedersen_commitment_with_separator([1, 2, 3, 4, 5, 6, 7, 8], 8),\n        EmbeddedCurvePoint {\n            x: 0x1657737676968887fceb6dd516382ea13b3a2c557f509811cd86d5d1199bc443,\n            y: 0x1f39f0cb569040105fa1e2f156521e8b8e08261e635a2b210bdc94e8d6d65f77,\n            is_infinite: false,\n        },\n    );\n    assert_eq(\n        pedersen_hash_with_separator([1, 2, 3, 4, 5, 6, 7, 8, 9], 9),\n        0x0c96db0790602dcb166cc4699e2d306c479a76926b81c2cb2aaa92d249ec7be7,\n    );\n    assert_eq(\n        pedersen_commitment_with_separator([1, 2, 3, 4, 5, 6, 7, 8, 9], 9),\n        EmbeddedCurvePoint {\n            x: 0x0a3ceae42d14914a432aa60ec7fded4af7dad7dd4acdbf2908452675ec67e06d,\n            y: 0xfc19761eaaf621ad4aec9a8b2e84a4eceffdba78f60f8b9391b0bd9345a2f2,\n            is_infinite: false,\n        },\n    );\n    assert_eq(\n        pedersen_hash_with_separator([1, 2, 3, 4, 5, 6, 7, 8, 9, 10], 10),\n        0x2cd37505871bc460a62ea1e63c7fe51149df5d0801302cf1cbc48beb8dff7e94,\n    );\n    assert_eq(\n        pedersen_commitment_with_separator([1, 2, 3, 4, 5, 6, 7, 8, 9, 10], 10),\n        EmbeddedCurvePoint {\n            x: 0x2fb3f8b3d41ddde007c8c3c62550f9a9380ee546fcc639ffbb3fd30c8d8de30c,\n            y: 0x300783be23c446b11a4c0fabf6c91af148937cea15fcf5fb054abf7f752ee245,\n            is_infinite: false,\n        },\n    );\n}\n",
      "path": "std/hash/mod.nr"
    },
    "50": {
      "source": "unconstrained fn main(\n    x: Field,\n    y: Field,\n    salt: Field,\n    out_x: Field,\n    out_y: Field,\n    out_hash: Field,\n) {\n    let res = std::hash::pedersen_commitment_with_separator([x, y], 0);\n    assert(res.x == out_x);\n    assert(res.y == out_y);\n\n    let res_hash = std::hash::pedersen_hash_with_separator([x, y], 0);\n    assert_eq(res_hash, out_hash);\n\n    assert(res_hash != res.x);\n\n    let raw_data = [x, y];\n    let mut state = 0;\n    for i in 0..(2 as u32) {\n        state = state * 8 + raw_data[i];\n    }\n    state += salt;\n    let hash = std::hash::pedersen_commitment_with_separator([state], 0);\n    assert(std::hash::pedersen_commitment_with_separator([43], 0).x == hash.x);\n}\n",
      "path": ""
    }
  },
  "names": [
    "main"
  ],
  "brillig_names": [
    "main"
  ]
}
