---
source: tooling/nargo_cli/tests/execute.rs
expression: expanded_code
---
fn main() {
    let mut x: Field = 3;
    let f: fn[(Field,)]() -> Field = || -> Field x;
    let _x2: Field = f();
    assert(x == 3);
}
