---
source: tooling/nargo_cli/tests/execute.rs
expression: artifact
---
{
  "noir_version": "[noir_version]",
  "hash": "[hash]",
  "abi": {
    "parameters": [
      {
        "name": "index",
        "type": {
          "kind": "integer",
          "sign": "unsigned",
          "width": 32
        },
        "visibility": "private"
      }
    ],
    "return_type": null,
    "error_types": {
      "14225679739041873922": {
        "error_kind": "string",
        "string": "Index out of bounds"
      },
      "17843811134343075018": {
        "error_kind": "string",
        "string": "Stack too deep"
      }
    }
  },
  "bytecode": [
    "func 0",
    "current witness index : _0",
    "private parameters indices : [_0]",
    "public parameters indices : []",
    "return value indices : []",
    "BRILLIG CALL func 0: inputs: [EXPR [ (1, _0) 0 ]], outputs: []",
    "unconstrained func 0",
    "[Const { destination: Direct(2), bit_size: Integer(U32), value: 1 }, Const { destination: Direct(1), bit_size: Integer(U32), value: 32837 }, Const { destination: Direct(0), bit_size: Integer(U32), value: 3 }, Const { destination: Relative(2), bit_size: Integer(U32), value: 1 }, Const { destination: Relative(3), bit_size: Integer(U32), value: 0 }, CalldataCopy { destination_address: Direct(32836), size_address: Relative(2), offset_address: Relative(3) }, Cast { destination: Direct(32836), source: Direct(32836), bit_size: Integer(U32) }, Mov { destination: Relative(1), source: Direct(32836) }, Call { location: 13 }, Call { location: 14 }, Const { destination: Relative(1), bit_size: Integer(U32), value: 32837 }, Const { destination: Relative(2), bit_size: Integer(U32), value: 0 }, Stop { return_data: HeapVector { pointer: Relative(1), size: Relative(2) } }, Return, Call { location: 24 }, Mov { destination: Relative(2), source: Direct(1) }, BinaryIntOp { destination: Direct(1), op: Add, bit_size: U32, lhs: Direct(1), rhs: Direct(2) }, Const { destination: Relative(3), bit_size: Field, value: 2 }, Store { destination_pointer: Relative(2), source: Relative(3) }, Const { destination: Relative(2), bit_size: Integer(U32), value: 0 }, BinaryIntOp { destination: Relative(3), op: Equals, bit_size: U32, lhs: Relative(1), rhs: Relative(2) }, JumpIf { condition: Relative(3), location: 23 }, Call { location: 30 }, Return, Const { destination: Direct(32772), bit_size: Integer(U32), value: 30720 }, BinaryIntOp { destination: Direct(32771), op: LessThan, bit_size: U32, lhs: Direct(0), rhs: Direct(32772) }, JumpIf { condition: Direct(32771), location: 29 }, IndirectConst { destination_pointer: Direct(1), bit_size: Integer(U64), value: 17843811134343075018 }, Trap { revert_data: HeapVector { pointer: Direct(1), size: Direct(2) } }, Return, IndirectConst { destination_pointer: Direct(1), bit_size: Integer(U64), value: 14225679739041873922 }, Trap { revert_data: HeapVector { pointer: Direct(1), size: Direct(2) } }, Return]"
  ],
  "debug_symbols": "dZBBDoMgEEXvMmsWSGttvYoxBnU0JAQNQpPGcPcOoq1ddDOPYfh/wl+hx9aPjTLDtEBZrdBapbUaGz110qnJ0O0KPJYshzJjkN0SioR7wmOD4AlZgiCEwODwapxFjFYnc1o5S4vGQWm81gyeUvvt0TJLs9FJS1POAE1PJMNBaYynwL5q/l9a5Lu2uH3EOalr6mSn7M9nQ/SxSrYa93bwpjtN3Ws+JkdYs5067L3F6HRKjGolrkw8aoqIQqkunF1EHeLqNw==",
  "file_map": {
    "50": {
      "source": "unconstrained fn main(index: u32) {\n    let v0 = &mut 1;\n    let v1 = &mut 2;\n    let mut v3 = [v0];\n    v3[index] = v1;\n    *v3[index] = 3;\n    assert_eq(*v3[index], 3);\n}\n",
      "path": ""
    }
  },
  "names": [
    "main"
  ],
  "brillig_names": [
    "main"
  ]
}
