---
source: tooling/nargo_cli/tests/execute.rs
expression: artifact
---
{
  "noir_version": "[noir_version]",
  "hash": "[hash]",
  "abi": {
    "parameters": [
      {
        "name": "x",
        "type": {
          "kind": "field"
        },
        "visibility": "private"
      }
    ],
    "return_type": null,
    "error_types": {
      "12469291177396340830": {
        "error_kind": "string",
        "string": "call to assert_max_bit_size"
      }
    }
  },
  "bytecode": [
    "func 0",
    "current witness index : _0",
    "private parameters indices : [_0]",
    "public parameters indices : []",
    "return value indices : []",
    "BLACKBOX::RANGE [(_0, 48)] []"
  ],
  "debug_symbols": "[debug_symbols]",
  "file_map": "[file_map]",
  "names": [
    "main"
  ],
  "brillig_names": []
}
