---
source: tooling/nargo_cli/tests/execute.rs
expression: artifact
---
{
  "noir_version": "[noir_version]",
  "hash": "[hash]",
  "abi": {
    "parameters": [],
    "return_type": null,
    "error_types": {
      "12049594436772143978": {
        "error_kind": "string",
        "string": "array ref-count underflow detected"
      },
      "17843811134343075018": {
        "error_kind": "string",
        "string": "Stack too deep"
      }
    }
  },
  "bytecode": [
    "func 0",
    "current witness index : _0",
    "private parameters indices : []",
    "public parameters indices : []",
    "return value indices : []",
    "BRILLIG CALL func 0: inputs: [], outputs: []",
    "unconstrained func 0",
    "[Const { destination: Direct(2), bit_size: Integer(U32), value: 1 }, Const { destination: Direct(1), bit_size: Integer(U32), value: 32836 }, Const { destination: Direct(0), bit_size: Integer(U32), value: 3 }, Const { destination: Relative(1), bit_size: Integer(U32), value: 0 }, Const { destination: Relative(2), bit_size: Integer(U32), value: 0 }, CalldataCopy { destination_address: Direct(32836), size_address: Relative(1), offset_address: Relative(2) }, Call { location: 11 }, Call { location: 12 }, Const { destination: Relative(1), bit_size: Integer(U32), value: 32836 }, Const { destination: Relative(2), bit_size: Integer(U32), value: 0 }, Stop { return_data: HeapVector { pointer: Relative(1), size: Relative(2) } }, Return, Call { location: 82 }, Const { destination: Relative(1), bit_size: Integer(U8), value: 123 }, Const { destination: Relative(2), bit_size: Integer(U8), value: 34 }, Const { destination: Relative(3), bit_size: Integer(U8), value: 107 }, Const { destination: Relative(4), bit_size: Integer(U8), value: 105 }, Const { destination: Relative(5), bit_size: Integer(U8), value: 110 }, Const { destination: Relative(6), bit_size: Integer(U8), value: 100 }, Const { destination: Relative(7), bit_size: Integer(U8), value: 58 }, Const { destination: Relative(8), bit_size: Integer(U8), value: 98 }, Const { destination: Relative(9), bit_size: Integer(U8), value: 111 }, Const { destination: Relative(10), bit_size: Integer(U8), value: 108 }, Const { destination: Relative(11), bit_size: Integer(U8), value: 101 }, Const { destination: Relative(12), bit_size: Integer(U8), value: 97 }, Const { destination: Relative(13), bit_size: Integer(U8), value: 125 }, Mov { destination: Relative(14), source: Direct(1) }, Const { destination: Relative(15), bit_size: Integer(U32), value: 19 }, BinaryIntOp { destination: Direct(1), op: Add, bit_size: U32, lhs: Direct(1), rhs: Relative(15) }, IndirectConst { destination_pointer: Relative(14), bit_size: Integer(U32), value: 1 }, BinaryIntOp { destination: Relative(15), op: Add, bit_size: U32, lhs: Relative(14), rhs: Direct(2) }, Mov { destination: Relative(16), source: Relative(15) }, Store { destination_pointer: Relative(16), source: Relative(1) }, BinaryIntOp { destination: Relative(16), op: Add, bit_size: U32, lhs: Relative(16), rhs: Direct(2) }, Store { destination_pointer: Relative(16), source: Relative(2) }, BinaryIntOp { destination: Relative(16), op: Add, bit_size: U32, lhs: Relative(16), rhs: Direct(2) }, Store { destination_pointer: Relative(16), source: Relative(3) }, BinaryIntOp { destination: Relative(16), op: Add, bit_size: U32, lhs: Relative(16), rhs: Direct(2) }, Store { destination_pointer: Relative(16), source: Relative(4) }, BinaryIntOp { destination: Relative(16), op: Add, bit_size: U32, lhs: Relative(16), rhs: Direct(2) }, Store { destination_pointer: Relative(16), source: Relative(5) }, BinaryIntOp { destination: Relative(16), op: Add, bit_size: U32, lhs: Relative(16), rhs: Direct(2) }, Store { destination_pointer: Relative(16), source: Relative(6) }, BinaryIntOp { destination: Relative(16), op: Add, bit_size: U32, lhs: Relative(16), rhs: Direct(2) }, Store { destination_pointer: Relative(16), source: Relative(2) }, BinaryIntOp { destination: Relative(16), op: Add, bit_size: U32, lhs: Relative(16), rhs: Direct(2) }, Store { destination_pointer: Relative(16), source: Relative(7) }, BinaryIntOp { destination: Relative(16), op: Add, bit_size: U32, lhs: Relative(16), rhs: Direct(2) }, Store { destination_pointer: Relative(16), source: Relative(2) }, BinaryIntOp { destination: Relative(16), op: Add, bit_size: U32, lhs: Relative(16), rhs: Direct(2) }, Store { destination_pointer: Relative(16), source: Relative(8) }, BinaryIntOp { destination: Relative(16), op: Add, bit_size: U32, lhs: Relative(16), rhs: Direct(2) }, Store { destination_pointer: Relative(16), source: Relative(9) }, BinaryIntOp { destination: Relative(16), op: Add, bit_size: U32, lhs: Relative(16), rhs: Direct(2) }, Store { destination_pointer: Relative(16), source: Relative(9) }, BinaryIntOp { destination: Relative(16), op: Add, bit_size: U32, lhs: Relative(16), rhs: Direct(2) }, Store { destination_pointer: Relative(16), source: Relative(10) }, BinaryIntOp { destination: Relative(16), op: Add, bit_size: U32, lhs: Relative(16), rhs: Direct(2) }, Store { destination_pointer: Relative(16), source: Relative(11) }, BinaryIntOp { destination: Relative(16), op: Add, bit_size: U32, lhs: Relative(16), rhs: Direct(2) }, Store { destination_pointer: Relative(16), source: Relative(12) }, BinaryIntOp { destination: Relative(16), op: Add, bit_size: U32, lhs: Relative(16), rhs: Direct(2) }, Store { destination_pointer: Relative(16), source: Relative(5) }, BinaryIntOp { destination: Relative(16), op: Add, bit_size: U32, lhs: Relative(16), rhs: Direct(2) }, Store { destination_pointer: Relative(16), source: Relative(2) }, BinaryIntOp { destination: Relative(16), op: Add, bit_size: U32, lhs: Relative(16), rhs: Direct(2) }, Store { destination_pointer: Relative(16), source: Relative(13) }, Const { destination: Relative(1), bit_size: Integer(U1), value: 1 }, Const { destination: Relative(2), bit_size: Integer(U1), value: 0 }, BinaryIntOp { destination: Relative(3), op: Add, bit_size: U32, lhs: Relative(14), rhs: Direct(2) }, ForeignCall { function: \"print\", destinations: [], destination_value_types: [], inputs: [MemoryAddress(Relative(1)), MemoryAddress(Relative(1)), HeapArray(HeapArray { pointer: Relative(3), size: 18 }), MemoryAddress(Relative(2))], input_value_types: [Simple(Integer(U1)), Simple(Integer(U1)), Array { value_types: [Simple(Integer(U8))], size: 18 }, Simple(Integer(U1))] }, Load { destination: Relative(3), source_pointer: Relative(14) }, Const { destination: Relative(4), bit_size: Integer(U32), value: 0 }, BinaryIntOp { destination: Relative(5), op: Equals, bit_size: U32, lhs: Relative(4), rhs: Relative(3) }, Not { destination: Relative(5), source: Relative(5), bit_size: U1 }, JumpIf { condition: Relative(5), location: 77 }, Call { location: 88 }, BinaryIntOp { destination: Relative(3), op: Add, bit_size: U32, lhs: Relative(3), rhs: Direct(2) }, Store { destination_pointer: Relative(14), source: Relative(3) }, BinaryIntOp { destination: Relative(3), op: Add, bit_size: U32, lhs: Relative(14), rhs: Direct(2) }, ForeignCall { function: \"print\", destinations: [], destination_value_types: [], inputs: [MemoryAddress(Relative(1)), MemoryAddress(Relative(1)), HeapArray(HeapArray { pointer: Relative(3), size: 18 }), MemoryAddress(Relative(2))], input_value_types: [Simple(Integer(U1)), Simple(Integer(U1)), Array { value_types: [Simple(Integer(U8))], size: 18 }, Simple(Integer(U1))] }, Return, Const { destination: Direct(32772), bit_size: Integer(U32), value: 30720 }, BinaryIntOp { destination: Direct(32771), op: LessThan, bit_size: U32, lhs: Direct(0), rhs: Direct(32772) }, JumpIf { condition: Direct(32771), location: 87 }, IndirectConst { destination_pointer: Direct(1), bit_size: Integer(U64), value: 17843811134343075018 }, Trap { revert_data: HeapVector { pointer: Direct(1), size: Direct(2) } }, Return, IndirectConst { destination_pointer: Direct(1), bit_size: Integer(U64), value: 12049594436772143978 }, Trap { revert_data: HeapVector { pointer: Direct(1), size: Direct(2) } }, Return]"
  ],
  "debug_symbols": "[debug_symbols]",
  "file_map": "[file_map]",
  "expression_width": {
    "Bounded": {
      "width": 4
    }
  }
}
