---
source: tooling/nargo_cli/tests/execute.rs
expression: artifact
---
{
  "noir_version": "[noir_version]",
  "hash": "[hash]",
  "abi": {
    "parameters": [
      {
        "name": "x",
        "type": {
          "kind": "integer",
          "sign": "unsigned",
          "width": 8
        },
        "visibility": "private"
      },
      {
        "name": "y",
        "type": {
          "kind": "integer",
          "sign": "unsigned",
          "width": 8
        },
        "visibility": "private"
      }
    ],
    "return_type": null,
    "error_types": {
      "17843811134343075018": {
        "error_kind": "string",
        "string": "Stack too deep"
      }
    }
  },
  "bytecode": [
    "func 0",
    "current witness index : _1",
    "private parameters indices : [_0, _1]",
    "public parameters indices : []",
    "return value indices : []",
    "BRILLIG CALL func 0: inputs: [EXPR [ (1, _0) 0 ], EXPR [ (1, _1) 0 ]], outputs: []",
    "unconstrained func 0",
    "[Const { destination: Direct(2), bit_size: Integer(U32), value: 1 }, Const { destination: Direct(1), bit_size: Integer(U32), value: 32838 }, Const { destination: Direct(0), bit_size: Integer(U32), value: 3 }, Const { destination: Relative(3), bit_size: Integer(U32), value: 2 }, Const { destination: Relative(4), bit_size: Integer(U32), value: 0 }, CalldataCopy { destination_address: Direct(32836), size_address: Relative(3), offset_address: Relative(4) }, Cast { destination: Direct(32836), source: Direct(32836), bit_size: Integer(U8) }, Cast { destination: Direct(32837), source: Direct(32837), bit_size: Integer(U8) }, Mov { destination: Relative(1), source: Direct(32836) }, Mov { destination: Relative(2), source: Direct(32837) }, Call { location: 15 }, Call { location: 16 }, Const { destination: Relative(1), bit_size: Integer(U32), value: 32838 }, Const { destination: Relative(2), bit_size: Integer(U32), value: 0 }, Stop { return_data: HeapVector { pointer: Relative(1), size: Relative(2) } }, Return, Call { location: 48 }, Cast { destination: Relative(3), source: Relative(1), bit_size: Field }, Const { destination: Relative(4), bit_size: Field, value: 340282366920938463463374607431768211456 }, BinaryFieldOp { destination: Relative(5), op: Add, lhs: Relative(3), rhs: Relative(4) }, Const { destination: Relative(3), bit_size: Field, value: 1 }, BinaryFieldOp { destination: Relative(4), op: Sub, lhs: Relative(5), rhs: Relative(3) }, Cast { destination: Relative(6), source: Relative(4), bit_size: Integer(U8) }, Cast { destination: Relative(5), source: Relative(6), bit_size: Field }, Cast { destination: Relative(4), source: Relative(5), bit_size: Integer(U8) }, BinaryIntOp { destination: Relative(5), op: Equals, bit_size: U8, lhs: Relative(4), rhs: Relative(2) }, JumpIf { condition: Relative(5), location: 29 }, Const { destination: Relative(6), bit_size: Integer(U32), value: 0 }, Trap { revert_data: HeapVector { pointer: Direct(1), size: Relative(6) } }, Cast { destination: Relative(4), source: Relative(2), bit_size: Field }, BinaryFieldOp { destination: Relative(2), op: Add, lhs: Relative(4), rhs: Relative(3) }, Cast { destination: Relative(5), source: Relative(2), bit_size: Integer(U8) }, Cast { destination: Relative(3), source: Relative(5), bit_size: Field }, Cast { destination: Relative(2), source: Relative(3), bit_size: Integer(U8) }, BinaryIntOp { destination: Relative(3), op: Equals, bit_size: U8, lhs: Relative(2), rhs: Relative(1) }, JumpIf { condition: Relative(3), location: 38 }, Const { destination: Relative(5), bit_size: Integer(U32), value: 0 }, Trap { revert_data: HeapVector { pointer: Direct(1), size: Relative(5) } }, BinaryFieldOp { destination: Relative(1), op: Mul, lhs: Relative(4), rhs: Relative(4) }, Cast { destination: Relative(3), source: Relative(1), bit_size: Integer(U8) }, Cast { destination: Relative(2), source: Relative(3), bit_size: Field }, Cast { destination: Relative(1), source: Relative(2), bit_size: Integer(U8) }, Const { destination: Relative(2), bit_size: Integer(U8), value: 1 }, BinaryIntOp { destination: Relative(3), op: Equals, bit_size: U8, lhs: Relative(1), rhs: Relative(2) }, JumpIf { condition: Relative(3), location: 47 }, Const { destination: Relative(4), bit_size: Integer(U32), value: 0 }, Trap { revert_data: HeapVector { pointer: Direct(1), size: Relative(4) } }, Return, Const { destination: Direct(32772), bit_size: Integer(U32), value: 30720 }, BinaryIntOp { destination: Direct(32771), op: LessThan, bit_size: U32, lhs: Direct(0), rhs: Direct(32772) }, JumpIf { condition: Direct(32771), location: 53 }, IndirectConst { destination_pointer: Direct(1), bit_size: Integer(U64), value: 17843811134343075018 }, Trap { revert_data: HeapVector { pointer: Direct(1), size: Direct(2) } }, Return]"
  ],
  "debug_symbols": "[debug_symbols]",
  "file_map": "[file_map]",
  "expression_width": {
    "Bounded": {
      "width": 4
    }
  }
}
