---
source: tooling/nargo_cli/tests/execute.rs
expression: expanded_code
---
fn main() {
    let x: i32 = 1;
    let _: u1 = x as u1;
}
