---
source: tooling/nargo_cli/tests/execute.rs
expression: artifact
---
{
  "noir_version": "[noir_version]",
  "hash": "[hash]",
  "abi": {
    "parameters": [],
    "return_type": null,
    "error_types": {}
  },
  "bytecode": "H4sIAAAAAAAA/5XDsQkAAADCMAv+f7PuTgaCFm19Arunwj5IAAAA",
  "debug_symbols": "jZDRCoMwDEX/Jc998EWY/soYEmuUQmhLbIUh/vuirJuMDfaU3pyeC+0KA/V56pwfwwztdYVeHLObOg4Wkwtet+tmoMQuCZGu4MTViijkE7Q+MxtYkPNxaY7oj5lQlFYGyA86tXB0TPtpM2+7+q02xW3ql1z/bV/q7/ZNE1onn69dUBz2TM84Zm9PNN1jIeW3ogRLQxbamw6m3Q8=",
  "file_map": {},
  "names": [
    "main"
  ],
  "brillig_names": []
}
