---
source: tooling/nargo_cli/tests/execute.rs
expression: expanded_code
---
fn main() {
    let mut c: fn() = || {
        let mut d: fn() = || {};
        d();
    };
    c();
}
