---
source: tooling/nargo_cli/tests/execute.rs
expression: stderr
---
error: The placeholder `_` is not allowed within types on item signatures for functions
  ┌─ src/main.nr:6:9
  │
6 │     x: [_; _],
  │         -
  │

error: The placeholder `_` is not allowed within types on item signatures for functions
  ┌─ src/main.nr:6:12
  │
6 │     x: [_; _],
  │            -
  │

error: The placeholder `_` is not allowed within types on item signatures for functions
  ┌─ src/main.nr:1:16
  │
1 │ pub fn foo(_: [_; _]) -> [_; _] {
  │                -
  │

error: The placeholder `_` is not allowed within types on item signatures for functions
  ┌─ src/main.nr:1:19
  │
1 │ pub fn foo(_: [_; _]) -> [_; _] {
  │                   -
  │

error: The placeholder `_` is not allowed within types on item signatures for functions
  ┌─ src/main.nr:1:27
  │
1 │ pub fn foo(_: [_; _]) -> [_; _] {
  │                           -
  │

error: The placeholder `_` is not allowed within types on item signatures for functions
  ┌─ src/main.nr:1:30
  │
1 │ pub fn foo(_: [_; _]) -> [_; _] {
  │                              -
  │

error: The placeholder `_` is not allowed within types on item signatures for functions
   ┌─ src/main.nr:10:16
   │
10 │     fn foo(_: [_; _]) -> [_; _] {
   │                -
   │

error: The placeholder `_` is not allowed within types on item signatures for functions
   ┌─ src/main.nr:10:19
   │
10 │     fn foo(_: [_; _]) -> [_; _] {
   │                   -
   │

error: The placeholder `_` is not allowed within types on item signatures for functions
   ┌─ src/main.nr:10:27
   │
10 │     fn foo(_: [_; _]) -> [_; _] {
   │                           -
   │

error: The placeholder `_` is not allowed within types on item signatures for functions
   ┌─ src/main.nr:10:30
   │
10 │     fn foo(_: [_; _]) -> [_; _] {
   │                              -
   │

error: The placeholder `_` is not allowed within types on item signatures for functions
   ┌─ src/main.nr:16:25
   │
16 │     fn trait_method(_: [_; _]) -> [_; _];
   │                         -
   │

error: The placeholder `_` is not allowed within types on item signatures for functions
   ┌─ src/main.nr:16:28
   │
16 │     fn trait_method(_: [_; _]) -> [_; _];
   │                            -
   │

error: The placeholder `_` is not allowed within types on item signatures for functions
   ┌─ src/main.nr:16:36
   │
16 │     fn trait_method(_: [_; _]) -> [_; _];
   │                                    -
   │

error: The placeholder `_` is not allowed within types on item signatures for functions
   ┌─ src/main.nr:16:39
   │
16 │     fn trait_method(_: [_; _]) -> [_; _];
   │                                       -
   │

Aborting due to 14 previous errors
