---
source: tooling/nargo_cli/tests/execute.rs
expression: artifact
---
{
  "noir_version": "[noir_version]",
  "hash": "[hash]",
  "abi": {
    "parameters": [
      {
        "name": "a",
        "type": {
          "kind": "boolean"
        },
        "visibility": "public"
      }
    ],
    "return_type": null,
    "error_types": {
      "17843811134343075018": {
        "error_kind": "string",
        "string": "Stack too deep"
      }
    }
  },
  "bytecode": [
    "func 0",
    "current witness index : _0",
    "private parameters indices : []",
    "public parameters indices : [_0]",
    "return value indices : []",
    "BRILLIG CALL func 0: inputs: [EXPR [ (1, _0) 0 ]], outputs: []",
    "unconstrained func 0",
    "[Const { destination: Direct(2), bit_size: Integer(U32), value: 1 }, Const { destination: Direct(1), bit_size: Integer(U32), value: 32837 }, Const { destination: Direct(0), bit_size: Integer(U32), value: 3 }, Const { destination: Relative(2), bit_size: Integer(U32), value: 1 }, Const { destination: Relative(3), bit_size: Integer(U32), value: 0 }, CalldataCopy { destination_address: Direct(32836), size_address: Relative(2), offset_address: Relative(3) }, Cast { destination: Direct(32836), source: Direct(32836), bit_size: Integer(U1) }, Mov { destination: Relative(1), source: Direct(32836) }, Call { location: 13 }, Call { location: 14 }, Const { destination: Relative(1), bit_size: Integer(U32), value: 32837 }, Const { destination: Relative(2), bit_size: Integer(U32), value: 0 }, Stop { return_data: HeapVector { pointer: Relative(1), size: Relative(2) } }, Return, Call { location: 22 }, Cast { destination: Relative(2), source: Relative(1), bit_size: Field }, JumpIf { condition: Relative(1), location: 18 }, Jump { location: 21 }, Const { destination: Relative(1), bit_size: Field, value: 1 }, BinaryFieldOp { destination: Relative(3), op: Div, lhs: Relative(1), rhs: Relative(2) }, Jump { location: 21 }, Return, Const { destination: Direct(32772), bit_size: Integer(U32), value: 30720 }, BinaryIntOp { destination: Direct(32771), op: LessThan, bit_size: U32, lhs: Direct(0), rhs: Direct(32772) }, JumpIf { condition: Direct(32771), location: 27 }, IndirectConst { destination_pointer: Direct(1), bit_size: Integer(U64), value: 17843811134343075018 }, Trap { revert_data: HeapVector { pointer: Direct(1), size: Direct(2) } }, Return]"
  ],
  "debug_symbols": "[debug_symbols]",
  "file_map": "[file_map]",
  "expression_width": {
    "Bounded": {
      "width": 4
    }
  }
}
