---
source: tooling/nargo_cli/tests/execute.rs
expression: expanded_code
---
fn main(expected: pub Field, first: Field, input: [Field; 20]) {
    let mut hasher_slice: [Field] = input.as_slice();
    hasher_slice = hasher_slice.push_front(first);
    assert(hasher_slice[0] == expected);
    if (expected as u32) > 10 {
        {
            let i_3776: Field = expected - 10;
            hasher_slice[i_3776] = 100;
        }
    } else {
        hasher_slice[expected] = 100;
    };
    assert(hasher_slice[0] == expected);
}
