---
source: tooling/nargo_cli/tests/execute.rs
expression: stderr
---
error: Ambiguous associated type
  ┌─ src/main.nr:7:16
  │
7 │         let _: MyTrait::X = 1;
  │                ---------- If there were a type named `Example` that implemented `MyTrait`, you could use the fully-qualified path: `<Example as MyTrait>::X`
  │

Aborting due to 1 previous error
