---
source: tooling/nargo_cli/tests/execute.rs
expression: expanded_code
---
fn main() {
    // Safety: comment added by `nargo expand`
    unsafe { check_while(); };
    check_comptime_while();
}

unconstrained fn check_while() {
    let mut i: u32 = 0;
    let mut sum: u32 = 0;
    while i < 4 {
        if i == 2 {
            i = i + 1;
            continue;
        };
        sum = sum + i;
        i = i + 1;
    }
    assert(sum == (1 + 3));
}

fn check_comptime_while() {
    ()
}
