---
source: tooling/nargo_cli/tests/execute.rs
expression: expanded_code
---
fn main() -> pub Field {
    let x: Field = 1;
    let closure: fn[(Field,)]() -> Field = || -> Field x;
    closure()
}
