---
source: tooling/nargo_cli/tests/execute.rs
expression: artifact
---
{
  "noir_version": "[noir_version]",
  "hash": "[hash]",
  "abi": {
    "parameters": [],
    "return_type": null,
    "error_types": {
      "17843811134343075018": {
        "error_kind": "string",
        "string": "Stack too deep"
      }
    }
  },
  "bytecode": "H4sIAAAAAAAA/7VVUW6DMAw1TWjHEFq1/Ww/2wH2sTCYqDRNmrRdBLXiHBy9INmNZbn9AMcSSsDmvfjlQTKIkeHoYUUQyA+OBY4blnfT9Yv3YV3UheC1xD+Eti2U/gzX3xSImaXBD4SfSP+wQ5z/MeLzXoj3brpKNq8g+iNV/7R/Kft/utEzeedvjDkw5C5RyxehZaJem4physiUZ06p4X54w3ml1AHLSX09m3NM+ZyC9M9F/TOOpJtj71t65JHhguAqIfrEj/b83SEE4nVMB20PPcvz+le8v1f68CvWOXR9PTT90H/1p1N77KVOc2yYTtzr0hdyXRLH3cCW3w2A3d7v4fr/oVJ4l/awV7DI99Lfhv1dzi9vj/1J2Lk9dr2dMN4R6wF5tkxf6Ss653Kl1okc1X7jONd+GHH5K1wd42oWcIFSS7prHt4xviU6WvJp39b8vzgD59JII90KAAA=",
  "debug_symbols": "nZPNioQwDIDfpece7L/6KsMgVetQKFU6urCI777RqOscFhYv/YzJlzbQzqR19fSqfOz6NykfM6mTD8G/qtA3dvR9hL8zydaFSVIySphCaIRB5IhiA4d6DmAIjhAbBEQCIBASoRAaYRD5BomVEiolwCAgpyhRsIMGQE8DEAiFOY05g4CTmWWh5JirGpNz61iXQWH8wSYXR1LGKQRKvmyYtqL3YOPG0SbIZpS42AKhYeeDW78W+mtnf6ta7K7OT1n9284POzc3bCb5rjMp7vjF6Rd3Ts/14fNb0/NzfJ4XN3yh1O4LzT78J0S28enj2i9rp+RtHdwedlNsLtnxezgyx7MZUt+4dkpu7XR5O7A+uKIiey7rbj8=",
  "file_map": {
    "50": {
      "source": "fn main() {\n    // Safety: test program\n    let bug = unsafe { foo() };\n    assert(!bug);\n}\n\nunconstrained fn foo() -> bool {\n    let mut i = 0;\n    let mut bug = false;\n    loop {\n        if i == 3 {\n            break;\n            bug = true;\n        } else if i == 2 {\n            i += 1;\n            continue;\n            bug = true;\n        }\n        i += 1;\n    }\n    bug\n}\n",
      "path": ""
    }
  },
  "names": [
    "main"
  ],
  "brillig_names": [
    "main"
  ]
}
