---
source: tooling/nargo_cli/tests/execute.rs
expression: stderr
---
warning: unused trait MyTrait
  ┌─ src/main.nr:1:7
  │
1 │ trait MyTrait {
  │       ------- unused trait
  │

error: Duplicate definitions of trait associated item with name MyItem found
  ┌─ src/main.nr:2:7
  │
2 │   let MyItem: u32;
  │       ------ First trait associated item found here
3 │   fn MyItem();
  │      ------ Second trait associated item found here
  │

Aborting due to 1 previous error
