---
source: tooling/nargo_cli/tests/execute.rs
expression: artifact
---
{
  "noir_version": "[noir_version]",
  "hash": "[hash]",
  "abi": {
    "parameters": [
      {
        "name": "x",
        "type": {
          "kind": "field"
        },
        "visibility": "private"
      },
      {
        "name": "y",
        "type": {
          "kind": "field"
        },
        "visibility": "public"
      }
    ],
    "return_type": null,
    "error_types": {}
  },
  "bytecode": "H4sIAAAAAAAA/62QQQqAMAwErfigpEna5OZXWmz//wQRI5TiTQfC5jQsG5ab4Dezeu6e8A0cXQSJueXYkLBAtKoCLDUpKorKEZWoKWu2ahkMmRp2MeouC//1KpdrG7ZYpv9tm4cToX2ibUQBAAA=",
  "debug_symbols": "jZBNCoMwEIXvMmsXieLGq5QiMY4SCEkYE6GId+8opuqipav5efPNg7dAj10aW+MGP0HzWKAjY60ZW+u1isY73i5rAXlsIyHyCi46U0ERugiNS9YWMCub9qMpKLfXqIhVUQC6nis/HIzFrVuLkxbfUSmqA5byxOs7L3/w8sOX9cmXf/uXdear6ub/5ElpQ7fEQECznc2KjOosHikOyelLqPEVspJjD+Q19olwe7drbPAG",
  "file_map": {
    "50": {
      "source": "use crate1::MyTrait;\n\nfn main(x: Field, y: pub Field) {\n    let mut V = crate2::MyStruct { Q: x };\n    V.Add10();\n    assert(V.Q == y);\n}\n",
      "path": ""
    }
  },
  "names": [
    "main"
  ],
  "brillig_names": []
}
