---
source: tooling/nargo_cli/tests/execute.rs
expression: artifact
---
{
  "noir_version": "[noir_version]",
  "hash": "[hash]",
  "abi": {
    "parameters": [],
    "return_type": null,
    "error_types": {}
  },
  "bytecode": [
    "func 0",
    "current witness index : _0",
    "private parameters indices : []",
    "public parameters indices : []",
    "return value indices : []"
  ],
  "debug_symbols": "jZDRCoMwDEX/pc8+lLkx9VfGkFijFEJbYisM8d8XRTc3GOwpvTk9F9pJtdikvrau84OqbpNq2BLZviZvIFrvZDvNmdpjHRlRVurAxQrA6KKqXCLK1AiU1ktDALfOCCxUZwpdK1MKO0u4nObsbevfapFfN7k4n1765W+/1Pnml7r48O+SwFj+fvEIbKEh3GKXnDnQ+Ag72X8ssDfYJsalaWXS/QQ=",
  "file_map": {},
  "names": [
    "main"
  ],
  "brillig_names": []
}
