---
source: tooling/nargo_cli/tests/execute.rs
expression: artifact
---
{
  "noir_version": "[noir_version]",
  "hash": "[hash]",
  "abi": {
    "parameters": [
      {
        "name": "hashed_message",
        "type": {
          "kind": "array",
          "length": 32,
          "type": {
            "kind": "integer",
            "sign": "unsigned",
            "width": 8
          }
        },
        "visibility": "private"
      },
      {
        "name": "pub_key_x",
        "type": {
          "kind": "array",
          "length": 32,
          "type": {
            "kind": "integer",
            "sign": "unsigned",
            "width": 8
          }
        },
        "visibility": "private"
      },
      {
        "name": "pub_key_y",
        "type": {
          "kind": "array",
          "length": 32,
          "type": {
            "kind": "integer",
            "sign": "unsigned",
            "width": 8
          }
        },
        "visibility": "private"
      },
      {
        "name": "signature",
        "type": {
          "kind": "array",
          "length": 64,
          "type": {
            "kind": "integer",
            "sign": "unsigned",
            "width": 8
          }
        },
        "visibility": "private"
      },
      {
        "name": "hashed_message_2",
        "type": {
          "kind": "array",
          "length": 32,
          "type": {
            "kind": "integer",
            "sign": "unsigned",
            "width": 8
          }
        },
        "visibility": "private"
      },
      {
        "name": "pub_key_x_2",
        "type": {
          "kind": "array",
          "length": 32,
          "type": {
            "kind": "integer",
            "sign": "unsigned",
            "width": 8
          }
        },
        "visibility": "private"
      },
      {
        "name": "pub_key_y_2",
        "type": {
          "kind": "array",
          "length": 32,
          "type": {
            "kind": "integer",
            "sign": "unsigned",
            "width": 8
          }
        },
        "visibility": "private"
      },
      {
        "name": "signature_2",
        "type": {
          "kind": "array",
          "length": 64,
          "type": {
            "kind": "integer",
            "sign": "unsigned",
            "width": 8
          }
        },
        "visibility": "private"
      },
      {
        "name": "hashed_message_3",
        "type": {
          "kind": "array",
          "length": 32,
          "type": {
            "kind": "integer",
            "sign": "unsigned",
            "width": 8
          }
        },
        "visibility": "private"
      },
      {
        "name": "pub_key_x_3",
        "type": {
          "kind": "array",
          "length": 32,
          "type": {
            "kind": "integer",
            "sign": "unsigned",
            "width": 8
          }
        },
        "visibility": "private"
      },
      {
        "name": "pub_key_y_3",
        "type": {
          "kind": "array",
          "length": 32,
          "type": {
            "kind": "integer",
            "sign": "unsigned",
            "width": 8
          }
        },
        "visibility": "private"
      },
      {
        "name": "signature_3",
        "type": {
          "kind": "array",
          "length": 64,
          "type": {
            "kind": "integer",
            "sign": "unsigned",
            "width": 8
          }
        },
        "visibility": "private"
      }
    ],
    "return_type": null,
    "error_types": {}
  },
  "bytecode": [
    "func 0",
    "current witness index : _483",
    "private parameters indices : [_0, _1, _2, _3, _4, _5, _6, _7, _8, _9, _10, _11, _12, _13, _14, _15, _16, _17, _18, _19, _20, _21, _22, _23, _24, _25, _26, _27, _28, _29, _30, _31, _32, _33, _34, _35, _36, _37, _38, _39, _40, _41, _42, _43, _44, _45, _46, _47, _48, _49, _50, _51, _52, _53, _54, _55, _56, _57, _58, _59, _60, _61, _62, _63, _64, _65, _66, _67, _68, _69, _70, _71, _72, _73, _74, _75, _76, _77, _78, _79, _80, _81, _82, _83, _84, _85, _86, _87, _88, _89, _90, _91, _92, _93, _94, _95, _96, _97, _98, _99, _100, _101, _102, _103, _104, _105, _106, _107, _108, _109, _110, _111, _112, _113, _114, _115, _116, _117, _118, _119, _120, _121, _122, _123, _124, _125, _126, _127, _128, _129, _130, _131, _132, _133, _134, _135, _136, _137, _138, _139, _140, _141, _142, _143, _144, _145, _146, _147, _148, _149, _150, _151, _152, _153, _154, _155, _156, _157, _158, _159, _160, _161, _162, _163, _164, _165, _166, _167, _168, _169, _170, _171, _172, _173, _174, _175, _176, _177, _178, _179, _180, _181, _182, _183, _184, _185, _186, _187, _188, _189, _190, _191, _192, _193, _194, _195, _196, _197, _198, _199, _200, _201, _202, _203, _204, _205, _206, _207, _208, _209, _210, _211, _212, _213, _214, _215, _216, _217, _218, _219, _220, _221, _222, _223, _224, _225, _226, _227, _228, _229, _230, _231, _232, _233, _234, _235, _236, _237, _238, _239, _240, _241, _242, _243, _244, _245, _246, _247, _248, _249, _250, _251, _252, _253, _254, _255, _256, _257, _258, _259, _260, _261, _262, _263, _264, _265, _266, _267, _268, _269, _270, _271, _272, _273, _274, _275, _276, _277, _278, _279, _280, _281, _282, _283, _284, _285, _286, _287, _288, _289, _290, _291, _292, _293, _294, _295, _296, _297, _298, _299, _300, _301, _302, _303, _304, _305, _306, _307, _308, _309, _310, _311, _312, _313, _314, _315, _316, _317, _318, _319, _320, _321, _322, _323, _324, _325, _326, _327, _328, _329, _330, _331, _332, _333, _334, _335, _336, _337, _338, _339, _340, _341, _342, _343, _344, _345, _346, _347, _348, _349, _350, _351, _352, _353, _354, _355, _356, _357, _358, _359, _360, _361, _362, _363, _364, _365, _366, _367, _368, _369, _370, _371, _372, _373, _374, _375, _376, _377, _378, _379, _380, _381, _382, _383, _384, _385, _386, _387, _388, _389, _390, _391, _392, _393, _394, _395, _396, _397, _398, _399, _400, _401, _402, _403, _404, _405, _406, _407, _408, _409, _410, _411, _412, _413, _414, _415, _416, _417, _418, _419, _420, _421, _422, _423, _424, _425, _426, _427, _428, _429, _430, _431, _432, _433, _434, _435, _436, _437, _438, _439, _440, _441, _442, _443, _444, _445, _446, _447, _448, _449, _450, _451, _452, _453, _454, _455, _456, _457, _458, _459, _460, _461, _462, _463, _464, _465, _466, _467, _468, _469, _470, _471, _472, _473, _474, _475, _476, _477, _478, _479]",
    "public parameters indices : []",
    "return value indices : []",
    "BLACKBOX::RANGE [_0]:8 bits []",
    "BLACKBOX::RANGE [_1]:8 bits []",
    "BLACKBOX::RANGE [_2]:8 bits []",
    "BLACKBOX::RANGE [_3]:8 bits []",
    "BLACKBOX::RANGE [_4]:8 bits []",
    "BLACKBOX::RANGE [_5]:8 bits []",
    "BLACKBOX::RANGE [_6]:8 bits []",
    "BLACKBOX::RANGE [_7]:8 bits []",
    "BLACKBOX::RANGE [_8]:8 bits []",
    "BLACKBOX::RANGE [_9]:8 bits []",
    "BLACKBOX::RANGE [_10]:8 bits []",
    "BLACKBOX::RANGE [_11]:8 bits []",
    "BLACKBOX::RANGE [_12]:8 bits []",
    "BLACKBOX::RANGE [_13]:8 bits []",
    "BLACKBOX::RANGE [_14]:8 bits []",
    "BLACKBOX::RANGE [_15]:8 bits []",
    "BLACKBOX::RANGE [_16]:8 bits []",
    "BLACKBOX::RANGE [_17]:8 bits []",
    "BLACKBOX::RANGE [_18]:8 bits []",
    "BLACKBOX::RANGE [_19]:8 bits []",
    "BLACKBOX::RANGE [_20]:8 bits []",
    "BLACKBOX::RANGE [_21]:8 bits []",
    "BLACKBOX::RANGE [_22]:8 bits []",
    "BLACKBOX::RANGE [_23]:8 bits []",
    "BLACKBOX::RANGE [_24]:8 bits []",
    "BLACKBOX::RANGE [_25]:8 bits []",
    "BLACKBOX::RANGE [_26]:8 bits []",
    "BLACKBOX::RANGE [_27]:8 bits []",
    "BLACKBOX::RANGE [_28]:8 bits []",
    "BLACKBOX::RANGE [_29]:8 bits []",
    "BLACKBOX::RANGE [_30]:8 bits []",
    "BLACKBOX::RANGE [_31]:8 bits []",
    "BLACKBOX::RANGE [_32]:8 bits []",
    "BLACKBOX::RANGE [_33]:8 bits []",
    "BLACKBOX::RANGE [_34]:8 bits []",
    "BLACKBOX::RANGE [_35]:8 bits []",
    "BLACKBOX::RANGE [_36]:8 bits []",
    "BLACKBOX::RANGE [_37]:8 bits []",
    "BLACKBOX::RANGE [_38]:8 bits []",
    "BLACKBOX::RANGE [_39]:8 bits []",
    "BLACKBOX::RANGE [_40]:8 bits []",
    "BLACKBOX::RANGE [_41]:8 bits []",
    "BLACKBOX::RANGE [_42]:8 bits []",
    "BLACKBOX::RANGE [_43]:8 bits []",
    "BLACKBOX::RANGE [_44]:8 bits []",
    "BLACKBOX::RANGE [_45]:8 bits []",
    "BLACKBOX::RANGE [_46]:8 bits []",
    "BLACKBOX::RANGE [_47]:8 bits []",
    "BLACKBOX::RANGE [_48]:8 bits []",
    "BLACKBOX::RANGE [_49]:8 bits []",
    "BLACKBOX::RANGE [_50]:8 bits []",
    "BLACKBOX::RANGE [_51]:8 bits []",
    "BLACKBOX::RANGE [_52]:8 bits []",
    "BLACKBOX::RANGE [_53]:8 bits []",
    "BLACKBOX::RANGE [_54]:8 bits []",
    "BLACKBOX::RANGE [_55]:8 bits []",
    "BLACKBOX::RANGE [_56]:8 bits []",
    "BLACKBOX::RANGE [_57]:8 bits []",
    "BLACKBOX::RANGE [_58]:8 bits []",
    "BLACKBOX::RANGE [_59]:8 bits []",
    "BLACKBOX::RANGE [_60]:8 bits []",
    "BLACKBOX::RANGE [_61]:8 bits []",
    "BLACKBOX::RANGE [_62]:8 bits []",
    "BLACKBOX::RANGE [_63]:8 bits []",
    "BLACKBOX::RANGE [_64]:8 bits []",
    "BLACKBOX::RANGE [_65]:8 bits []",
    "BLACKBOX::RANGE [_66]:8 bits []",
    "BLACKBOX::RANGE [_67]:8 bits []",
    "BLACKBOX::RANGE [_68]:8 bits []",
    "BLACKBOX::RANGE [_69]:8 bits []",
    "BLACKBOX::RANGE [_70]:8 bits []",
    "BLACKBOX::RANGE [_71]:8 bits []",
    "BLACKBOX::RANGE [_72]:8 bits []",
    "BLACKBOX::RANGE [_73]:8 bits []",
    "BLACKBOX::RANGE [_74]:8 bits []",
    "BLACKBOX::RANGE [_75]:8 bits []",
    "BLACKBOX::RANGE [_76]:8 bits []",
    "BLACKBOX::RANGE [_77]:8 bits []",
    "BLACKBOX::RANGE [_78]:8 bits []",
    "BLACKBOX::RANGE [_79]:8 bits []",
    "BLACKBOX::RANGE [_80]:8 bits []",
    "BLACKBOX::RANGE [_81]:8 bits []",
    "BLACKBOX::RANGE [_82]:8 bits []",
    "BLACKBOX::RANGE [_83]:8 bits []",
    "BLACKBOX::RANGE [_84]:8 bits []",
    "BLACKBOX::RANGE [_85]:8 bits []",
    "BLACKBOX::RANGE [_86]:8 bits []",
    "BLACKBOX::RANGE [_87]:8 bits []",
    "BLACKBOX::RANGE [_88]:8 bits []",
    "BLACKBOX::RANGE [_89]:8 bits []",
    "BLACKBOX::RANGE [_90]:8 bits []",
    "BLACKBOX::RANGE [_91]:8 bits []",
    "BLACKBOX::RANGE [_92]:8 bits []",
    "BLACKBOX::RANGE [_93]:8 bits []",
    "BLACKBOX::RANGE [_94]:8 bits []",
    "BLACKBOX::RANGE [_95]:8 bits []",
    "BLACKBOX::RANGE [_96]:8 bits []",
    "BLACKBOX::RANGE [_97]:8 bits []",
    "BLACKBOX::RANGE [_98]:8 bits []",
    "BLACKBOX::RANGE [_99]:8 bits []",
    "BLACKBOX::RANGE [_100]:8 bits []",
    "BLACKBOX::RANGE [_101]:8 bits []",
    "BLACKBOX::RANGE [_102]:8 bits []",
    "BLACKBOX::RANGE [_103]:8 bits []",
    "BLACKBOX::RANGE [_104]:8 bits []",
    "BLACKBOX::RANGE [_105]:8 bits []",
    "BLACKBOX::RANGE [_106]:8 bits []",
    "BLACKBOX::RANGE [_107]:8 bits []",
    "BLACKBOX::RANGE [_108]:8 bits []",
    "BLACKBOX::RANGE [_109]:8 bits []",
    "BLACKBOX::RANGE [_110]:8 bits []",
    "BLACKBOX::RANGE [_111]:8 bits []",
    "BLACKBOX::RANGE [_112]:8 bits []",
    "BLACKBOX::RANGE [_113]:8 bits []",
    "BLACKBOX::RANGE [_114]:8 bits []",
    "BLACKBOX::RANGE [_115]:8 bits []",
    "BLACKBOX::RANGE [_116]:8 bits []",
    "BLACKBOX::RANGE [_117]:8 bits []",
    "BLACKBOX::RANGE [_118]:8 bits []",
    "BLACKBOX::RANGE [_119]:8 bits []",
    "BLACKBOX::RANGE [_120]:8 bits []",
    "BLACKBOX::RANGE [_121]:8 bits []",
    "BLACKBOX::RANGE [_122]:8 bits []",
    "BLACKBOX::RANGE [_123]:8 bits []",
    "BLACKBOX::RANGE [_124]:8 bits []",
    "BLACKBOX::RANGE [_125]:8 bits []",
    "BLACKBOX::RANGE [_126]:8 bits []",
    "BLACKBOX::RANGE [_127]:8 bits []",
    "BLACKBOX::RANGE [_128]:8 bits []",
    "BLACKBOX::RANGE [_129]:8 bits []",
    "BLACKBOX::RANGE [_130]:8 bits []",
    "BLACKBOX::RANGE [_131]:8 bits []",
    "BLACKBOX::RANGE [_132]:8 bits []",
    "BLACKBOX::RANGE [_133]:8 bits []",
    "BLACKBOX::RANGE [_134]:8 bits []",
    "BLACKBOX::RANGE [_135]:8 bits []",
    "BLACKBOX::RANGE [_136]:8 bits []",
    "BLACKBOX::RANGE [_137]:8 bits []",
    "BLACKBOX::RANGE [_138]:8 bits []",
    "BLACKBOX::RANGE [_139]:8 bits []",
    "BLACKBOX::RANGE [_140]:8 bits []",
    "BLACKBOX::RANGE [_141]:8 bits []",
    "BLACKBOX::RANGE [_142]:8 bits []",
    "BLACKBOX::RANGE [_143]:8 bits []",
    "BLACKBOX::RANGE [_144]:8 bits []",
    "BLACKBOX::RANGE [_145]:8 bits []",
    "BLACKBOX::RANGE [_146]:8 bits []",
    "BLACKBOX::RANGE [_147]:8 bits []",
    "BLACKBOX::RANGE [_148]:8 bits []",
    "BLACKBOX::RANGE [_149]:8 bits []",
    "BLACKBOX::RANGE [_150]:8 bits []",
    "BLACKBOX::RANGE [_151]:8 bits []",
    "BLACKBOX::RANGE [_152]:8 bits []",
    "BLACKBOX::RANGE [_153]:8 bits []",
    "BLACKBOX::RANGE [_154]:8 bits []",
    "BLACKBOX::RANGE [_155]:8 bits []",
    "BLACKBOX::RANGE [_156]:8 bits []",
    "BLACKBOX::RANGE [_157]:8 bits []",
    "BLACKBOX::RANGE [_158]:8 bits []",
    "BLACKBOX::RANGE [_159]:8 bits []",
    "BLACKBOX::RANGE [_160]:8 bits []",
    "BLACKBOX::RANGE [_161]:8 bits []",
    "BLACKBOX::RANGE [_162]:8 bits []",
    "BLACKBOX::RANGE [_163]:8 bits []",
    "BLACKBOX::RANGE [_164]:8 bits []",
    "BLACKBOX::RANGE [_165]:8 bits []",
    "BLACKBOX::RANGE [_166]:8 bits []",
    "BLACKBOX::RANGE [_167]:8 bits []",
    "BLACKBOX::RANGE [_168]:8 bits []",
    "BLACKBOX::RANGE [_169]:8 bits []",
    "BLACKBOX::RANGE [_170]:8 bits []",
    "BLACKBOX::RANGE [_171]:8 bits []",
    "BLACKBOX::RANGE [_172]:8 bits []",
    "BLACKBOX::RANGE [_173]:8 bits []",
    "BLACKBOX::RANGE [_174]:8 bits []",
    "BLACKBOX::RANGE [_175]:8 bits []",
    "BLACKBOX::RANGE [_176]:8 bits []",
    "BLACKBOX::RANGE [_177]:8 bits []",
    "BLACKBOX::RANGE [_178]:8 bits []",
    "BLACKBOX::RANGE [_179]:8 bits []",
    "BLACKBOX::RANGE [_180]:8 bits []",
    "BLACKBOX::RANGE [_181]:8 bits []",
    "BLACKBOX::RANGE [_182]:8 bits []",
    "BLACKBOX::RANGE [_183]:8 bits []",
    "BLACKBOX::RANGE [_184]:8 bits []",
    "BLACKBOX::RANGE [_185]:8 bits []",
    "BLACKBOX::RANGE [_186]:8 bits []",
    "BLACKBOX::RANGE [_187]:8 bits []",
    "BLACKBOX::RANGE [_188]:8 bits []",
    "BLACKBOX::RANGE [_189]:8 bits []",
    "BLACKBOX::RANGE [_190]:8 bits []",
    "BLACKBOX::RANGE [_191]:8 bits []",
    "BLACKBOX::RANGE [_192]:8 bits []",
    "BLACKBOX::RANGE [_193]:8 bits []",
    "BLACKBOX::RANGE [_194]:8 bits []",
    "BLACKBOX::RANGE [_195]:8 bits []",
    "BLACKBOX::RANGE [_196]:8 bits []",
    "BLACKBOX::RANGE [_197]:8 bits []",
    "BLACKBOX::RANGE [_198]:8 bits []",
    "BLACKBOX::RANGE [_199]:8 bits []",
    "BLACKBOX::RANGE [_200]:8 bits []",
    "BLACKBOX::RANGE [_201]:8 bits []",
    "BLACKBOX::RANGE [_202]:8 bits []",
    "BLACKBOX::RANGE [_203]:8 bits []",
    "BLACKBOX::RANGE [_204]:8 bits []",
    "BLACKBOX::RANGE [_205]:8 bits []",
    "BLACKBOX::RANGE [_206]:8 bits []",
    "BLACKBOX::RANGE [_207]:8 bits []",
    "BLACKBOX::RANGE [_208]:8 bits []",
    "BLACKBOX::RANGE [_209]:8 bits []",
    "BLACKBOX::RANGE [_210]:8 bits []",
    "BLACKBOX::RANGE [_211]:8 bits []",
    "BLACKBOX::RANGE [_212]:8 bits []",
    "BLACKBOX::RANGE [_213]:8 bits []",
    "BLACKBOX::RANGE [_214]:8 bits []",
    "BLACKBOX::RANGE [_215]:8 bits []",
    "BLACKBOX::RANGE [_216]:8 bits []",
    "BLACKBOX::RANGE [_217]:8 bits []",
    "BLACKBOX::RANGE [_218]:8 bits []",
    "BLACKBOX::RANGE [_219]:8 bits []",
    "BLACKBOX::RANGE [_220]:8 bits []",
    "BLACKBOX::RANGE [_221]:8 bits []",
    "BLACKBOX::RANGE [_222]:8 bits []",
    "BLACKBOX::RANGE [_223]:8 bits []",
    "BLACKBOX::RANGE [_224]:8 bits []",
    "BLACKBOX::RANGE [_225]:8 bits []",
    "BLACKBOX::RANGE [_226]:8 bits []",
    "BLACKBOX::RANGE [_227]:8 bits []",
    "BLACKBOX::RANGE [_228]:8 bits []",
    "BLACKBOX::RANGE [_229]:8 bits []",
    "BLACKBOX::RANGE [_230]:8 bits []",
    "BLACKBOX::RANGE [_231]:8 bits []",
    "BLACKBOX::RANGE [_232]:8 bits []",
    "BLACKBOX::RANGE [_233]:8 bits []",
    "BLACKBOX::RANGE [_234]:8 bits []",
    "BLACKBOX::RANGE [_235]:8 bits []",
    "BLACKBOX::RANGE [_236]:8 bits []",
    "BLACKBOX::RANGE [_237]:8 bits []",
    "BLACKBOX::RANGE [_238]:8 bits []",
    "BLACKBOX::RANGE [_239]:8 bits []",
    "BLACKBOX::RANGE [_240]:8 bits []",
    "BLACKBOX::RANGE [_241]:8 bits []",
    "BLACKBOX::RANGE [_242]:8 bits []",
    "BLACKBOX::RANGE [_243]:8 bits []",
    "BLACKBOX::RANGE [_244]:8 bits []",
    "BLACKBOX::RANGE [_245]:8 bits []",
    "BLACKBOX::RANGE [_246]:8 bits []",
    "BLACKBOX::RANGE [_247]:8 bits []",
    "BLACKBOX::RANGE [_248]:8 bits []",
    "BLACKBOX::RANGE [_249]:8 bits []",
    "BLACKBOX::RANGE [_250]:8 bits []",
    "BLACKBOX::RANGE [_251]:8 bits []",
    "BLACKBOX::RANGE [_252]:8 bits []",
    "BLACKBOX::RANGE [_253]:8 bits []",
    "BLACKBOX::RANGE [_254]:8 bits []",
    "BLACKBOX::RANGE [_255]:8 bits []",
    "BLACKBOX::RANGE [_256]:8 bits []",
    "BLACKBOX::RANGE [_257]:8 bits []",
    "BLACKBOX::RANGE [_258]:8 bits []",
    "BLACKBOX::RANGE [_259]:8 bits []",
    "BLACKBOX::RANGE [_260]:8 bits []",
    "BLACKBOX::RANGE [_261]:8 bits []",
    "BLACKBOX::RANGE [_262]:8 bits []",
    "BLACKBOX::RANGE [_263]:8 bits []",
    "BLACKBOX::RANGE [_264]:8 bits []",
    "BLACKBOX::RANGE [_265]:8 bits []",
    "BLACKBOX::RANGE [_266]:8 bits []",
    "BLACKBOX::RANGE [_267]:8 bits []",
    "BLACKBOX::RANGE [_268]:8 bits []",
    "BLACKBOX::RANGE [_269]:8 bits []",
    "BLACKBOX::RANGE [_270]:8 bits []",
    "BLACKBOX::RANGE [_271]:8 bits []",
    "BLACKBOX::RANGE [_272]:8 bits []",
    "BLACKBOX::RANGE [_273]:8 bits []",
    "BLACKBOX::RANGE [_274]:8 bits []",
    "BLACKBOX::RANGE [_275]:8 bits []",
    "BLACKBOX::RANGE [_276]:8 bits []",
    "BLACKBOX::RANGE [_277]:8 bits []",
    "BLACKBOX::RANGE [_278]:8 bits []",
    "BLACKBOX::RANGE [_279]:8 bits []",
    "BLACKBOX::RANGE [_280]:8 bits []",
    "BLACKBOX::RANGE [_281]:8 bits []",
    "BLACKBOX::RANGE [_282]:8 bits []",
    "BLACKBOX::RANGE [_283]:8 bits []",
    "BLACKBOX::RANGE [_284]:8 bits []",
    "BLACKBOX::RANGE [_285]:8 bits []",
    "BLACKBOX::RANGE [_286]:8 bits []",
    "BLACKBOX::RANGE [_287]:8 bits []",
    "BLACKBOX::RANGE [_288]:8 bits []",
    "BLACKBOX::RANGE [_289]:8 bits []",
    "BLACKBOX::RANGE [_290]:8 bits []",
    "BLACKBOX::RANGE [_291]:8 bits []",
    "BLACKBOX::RANGE [_292]:8 bits []",
    "BLACKBOX::RANGE [_293]:8 bits []",
    "BLACKBOX::RANGE [_294]:8 bits []",
    "BLACKBOX::RANGE [_295]:8 bits []",
    "BLACKBOX::RANGE [_296]:8 bits []",
    "BLACKBOX::RANGE [_297]:8 bits []",
    "BLACKBOX::RANGE [_298]:8 bits []",
    "BLACKBOX::RANGE [_299]:8 bits []",
    "BLACKBOX::RANGE [_300]:8 bits []",
    "BLACKBOX::RANGE [_301]:8 bits []",
    "BLACKBOX::RANGE [_302]:8 bits []",
    "BLACKBOX::RANGE [_303]:8 bits []",
    "BLACKBOX::RANGE [_304]:8 bits []",
    "BLACKBOX::RANGE [_305]:8 bits []",
    "BLACKBOX::RANGE [_306]:8 bits []",
    "BLACKBOX::RANGE [_307]:8 bits []",
    "BLACKBOX::RANGE [_308]:8 bits []",
    "BLACKBOX::RANGE [_309]:8 bits []",
    "BLACKBOX::RANGE [_310]:8 bits []",
    "BLACKBOX::RANGE [_311]:8 bits []",
    "BLACKBOX::RANGE [_312]:8 bits []",
    "BLACKBOX::RANGE [_313]:8 bits []",
    "BLACKBOX::RANGE [_314]:8 bits []",
    "BLACKBOX::RANGE [_315]:8 bits []",
    "BLACKBOX::RANGE [_316]:8 bits []",
    "BLACKBOX::RANGE [_317]:8 bits []",
    "BLACKBOX::RANGE [_318]:8 bits []",
    "BLACKBOX::RANGE [_319]:8 bits []",
    "BLACKBOX::RANGE [_320]:8 bits []",
    "BLACKBOX::RANGE [_321]:8 bits []",
    "BLACKBOX::RANGE [_322]:8 bits []",
    "BLACKBOX::RANGE [_323]:8 bits []",
    "BLACKBOX::RANGE [_324]:8 bits []",
    "BLACKBOX::RANGE [_325]:8 bits []",
    "BLACKBOX::RANGE [_326]:8 bits []",
    "BLACKBOX::RANGE [_327]:8 bits []",
    "BLACKBOX::RANGE [_328]:8 bits []",
    "BLACKBOX::RANGE [_329]:8 bits []",
    "BLACKBOX::RANGE [_330]:8 bits []",
    "BLACKBOX::RANGE [_331]:8 bits []",
    "BLACKBOX::RANGE [_332]:8 bits []",
    "BLACKBOX::RANGE [_333]:8 bits []",
    "BLACKBOX::RANGE [_334]:8 bits []",
    "BLACKBOX::RANGE [_335]:8 bits []",
    "BLACKBOX::RANGE [_336]:8 bits []",
    "BLACKBOX::RANGE [_337]:8 bits []",
    "BLACKBOX::RANGE [_338]:8 bits []",
    "BLACKBOX::RANGE [_339]:8 bits []",
    "BLACKBOX::RANGE [_340]:8 bits []",
    "BLACKBOX::RANGE [_341]:8 bits []",
    "BLACKBOX::RANGE [_342]:8 bits []",
    "BLACKBOX::RANGE [_343]:8 bits []",
    "BLACKBOX::RANGE [_344]:8 bits []",
    "BLACKBOX::RANGE [_345]:8 bits []",
    "BLACKBOX::RANGE [_346]:8 bits []",
    "BLACKBOX::RANGE [_347]:8 bits []",
    "BLACKBOX::RANGE [_348]:8 bits []",
    "BLACKBOX::RANGE [_349]:8 bits []",
    "BLACKBOX::RANGE [_350]:8 bits []",
    "BLACKBOX::RANGE [_351]:8 bits []",
    "BLACKBOX::RANGE [_352]:8 bits []",
    "BLACKBOX::RANGE [_353]:8 bits []",
    "BLACKBOX::RANGE [_354]:8 bits []",
    "BLACKBOX::RANGE [_355]:8 bits []",
    "BLACKBOX::RANGE [_356]:8 bits []",
    "BLACKBOX::RANGE [_357]:8 bits []",
    "BLACKBOX::RANGE [_358]:8 bits []",
    "BLACKBOX::RANGE [_359]:8 bits []",
    "BLACKBOX::RANGE [_360]:8 bits []",
    "BLACKBOX::RANGE [_361]:8 bits []",
    "BLACKBOX::RANGE [_362]:8 bits []",
    "BLACKBOX::RANGE [_363]:8 bits []",
    "BLACKBOX::RANGE [_364]:8 bits []",
    "BLACKBOX::RANGE [_365]:8 bits []",
    "BLACKBOX::RANGE [_366]:8 bits []",
    "BLACKBOX::RANGE [_367]:8 bits []",
    "BLACKBOX::RANGE [_368]:8 bits []",
    "BLACKBOX::RANGE [_369]:8 bits []",
    "BLACKBOX::RANGE [_370]:8 bits []",
    "BLACKBOX::RANGE [_371]:8 bits []",
    "BLACKBOX::RANGE [_372]:8 bits []",
    "BLACKBOX::RANGE [_373]:8 bits []",
    "BLACKBOX::RANGE [_374]:8 bits []",
    "BLACKBOX::RANGE [_375]:8 bits []",
    "BLACKBOX::RANGE [_376]:8 bits []",
    "BLACKBOX::RANGE [_377]:8 bits []",
    "BLACKBOX::RANGE [_378]:8 bits []",
    "BLACKBOX::RANGE [_379]:8 bits []",
    "BLACKBOX::RANGE [_380]:8 bits []",
    "BLACKBOX::RANGE [_381]:8 bits []",
    "BLACKBOX::RANGE [_382]:8 bits []",
    "BLACKBOX::RANGE [_383]:8 bits []",
    "BLACKBOX::RANGE [_384]:8 bits []",
    "BLACKBOX::RANGE [_385]:8 bits []",
    "BLACKBOX::RANGE [_386]:8 bits []",
    "BLACKBOX::RANGE [_387]:8 bits []",
    "BLACKBOX::RANGE [_388]:8 bits []",
    "BLACKBOX::RANGE [_389]:8 bits []",
    "BLACKBOX::RANGE [_390]:8 bits []",
    "BLACKBOX::RANGE [_391]:8 bits []",
    "BLACKBOX::RANGE [_392]:8 bits []",
    "BLACKBOX::RANGE [_393]:8 bits []",
    "BLACKBOX::RANGE [_394]:8 bits []",
    "BLACKBOX::RANGE [_395]:8 bits []",
    "BLACKBOX::RANGE [_396]:8 bits []",
    "BLACKBOX::RANGE [_397]:8 bits []",
    "BLACKBOX::RANGE [_398]:8 bits []",
    "BLACKBOX::RANGE [_399]:8 bits []",
    "BLACKBOX::RANGE [_400]:8 bits []",
    "BLACKBOX::RANGE [_401]:8 bits []",
    "BLACKBOX::RANGE [_402]:8 bits []",
    "BLACKBOX::RANGE [_403]:8 bits []",
    "BLACKBOX::RANGE [_404]:8 bits []",
    "BLACKBOX::RANGE [_405]:8 bits []",
    "BLACKBOX::RANGE [_406]:8 bits []",
    "BLACKBOX::RANGE [_407]:8 bits []",
    "BLACKBOX::RANGE [_408]:8 bits []",
    "BLACKBOX::RANGE [_409]:8 bits []",
    "BLACKBOX::RANGE [_410]:8 bits []",
    "BLACKBOX::RANGE [_411]:8 bits []",
    "BLACKBOX::RANGE [_412]:8 bits []",
    "BLACKBOX::RANGE [_413]:8 bits []",
    "BLACKBOX::RANGE [_414]:8 bits []",
    "BLACKBOX::RANGE [_415]:8 bits []",
    "BLACKBOX::RANGE [_416]:8 bits []",
    "BLACKBOX::RANGE [_417]:8 bits []",
    "BLACKBOX::RANGE [_418]:8 bits []",
    "BLACKBOX::RANGE [_419]:8 bits []",
    "BLACKBOX::RANGE [_420]:8 bits []",
    "BLACKBOX::RANGE [_421]:8 bits []",
    "BLACKBOX::RANGE [_422]:8 bits []",
    "BLACKBOX::RANGE [_423]:8 bits []",
    "BLACKBOX::RANGE [_424]:8 bits []",
    "BLACKBOX::RANGE [_425]:8 bits []",
    "BLACKBOX::RANGE [_426]:8 bits []",
    "BLACKBOX::RANGE [_427]:8 bits []",
    "BLACKBOX::RANGE [_428]:8 bits []",
    "BLACKBOX::RANGE [_429]:8 bits []",
    "BLACKBOX::RANGE [_430]:8 bits []",
    "BLACKBOX::RANGE [_431]:8 bits []",
    "BLACKBOX::RANGE [_432]:8 bits []",
    "BLACKBOX::RANGE [_433]:8 bits []",
    "BLACKBOX::RANGE [_434]:8 bits []",
    "BLACKBOX::RANGE [_435]:8 bits []",
    "BLACKBOX::RANGE [_436]:8 bits []",
    "BLACKBOX::RANGE [_437]:8 bits []",
    "BLACKBOX::RANGE [_438]:8 bits []",
    "BLACKBOX::RANGE [_439]:8 bits []",
    "BLACKBOX::RANGE [_440]:8 bits []",
    "BLACKBOX::RANGE [_441]:8 bits []",
    "BLACKBOX::RANGE [_442]:8 bits []",
    "BLACKBOX::RANGE [_443]:8 bits []",
    "BLACKBOX::RANGE [_444]:8 bits []",
    "BLACKBOX::RANGE [_445]:8 bits []",
    "BLACKBOX::RANGE [_446]:8 bits []",
    "BLACKBOX::RANGE [_447]:8 bits []",
    "BLACKBOX::RANGE [_448]:8 bits []",
    "BLACKBOX::RANGE [_449]:8 bits []",
    "BLACKBOX::RANGE [_450]:8 bits []",
    "BLACKBOX::RANGE [_451]:8 bits []",
    "BLACKBOX::RANGE [_452]:8 bits []",
    "BLACKBOX::RANGE [_453]:8 bits []",
    "BLACKBOX::RANGE [_454]:8 bits []",
    "BLACKBOX::RANGE [_455]:8 bits []",
    "BLACKBOX::RANGE [_456]:8 bits []",
    "BLACKBOX::RANGE [_457]:8 bits []",
    "BLACKBOX::RANGE [_458]:8 bits []",
    "BLACKBOX::RANGE [_459]:8 bits []",
    "BLACKBOX::RANGE [_460]:8 bits []",
    "BLACKBOX::RANGE [_461]:8 bits []",
    "BLACKBOX::RANGE [_462]:8 bits []",
    "BLACKBOX::RANGE [_463]:8 bits []",
    "BLACKBOX::RANGE [_464]:8 bits []",
    "BLACKBOX::RANGE [_465]:8 bits []",
    "BLACKBOX::RANGE [_466]:8 bits []",
    "BLACKBOX::RANGE [_467]:8 bits []",
    "BLACKBOX::RANGE [_468]:8 bits []",
    "BLACKBOX::RANGE [_469]:8 bits []",
    "BLACKBOX::RANGE [_470]:8 bits []",
    "BLACKBOX::RANGE [_471]:8 bits []",
    "BLACKBOX::RANGE [_472]:8 bits []",
    "BLACKBOX::RANGE [_473]:8 bits []",
    "BLACKBOX::RANGE [_474]:8 bits []",
    "BLACKBOX::RANGE [_475]:8 bits []",
    "BLACKBOX::RANGE [_476]:8 bits []",
    "BLACKBOX::RANGE [_477]:8 bits []",
    "BLACKBOX::RANGE [_478]:8 bits []",
    "BLACKBOX::RANGE [_479]:8 bits []",
    "EXPR [ (-1, _480) 1 ]",
    "BLACKBOX::ECDSA_SECP256R1 [_32, _33, _34, _35, _36, _37, _38, _39, _40, _41, _42, _43, _44, _45, _46, _47, _48, _49, _50, _51, _52, _53, _54, _55, _56, _57, _58, _59, _60, _61, _62, _63, _64, _65, _66, _67, _68, _69, _70, _71, _72, _73, _74, _75, _76, _77, _78, _79, _80, _81, _82, _83, _84, _85, _86, _87, _88, _89, _90, _91, _92, _93, _94, _95, _96, _97, _98, _99, _100, _101, _102, _103, _104, _105, _106, _107, _108, _109, _110, _111, _112, _113, _114, _115, _116, _117, _118, _119, _120, _121, _122, _123, _124, _125, _126, _127, _128, _129, _130, _131, _132, _133, _134, _135, _136, _137, _138, _139, _140, _141, _142, _143, _144, _145, _146, _147, _148, _149, _150, _151, _152, _153, _154, _155, _156, _157, _158, _159, _0, _1, _2, _3, _4, _5, _6, _7, _8, _9, _10, _11, _12, _13, _14, _15, _16, _17, _18, _19, _20, _21, _22, _23, _24, _25, _26, _27, _28, _29, _30, _31, _480] [_481]",
    "EXPR [ (1, _481) -1 ]",
    "BLACKBOX::ECDSA_SECP256R1 [_192, _193, _194, _195, _196, _197, _198, _199, _200, _201, _202, _203, _204, _205, _206, _207, _208, _209, _210, _211, _212, _213, _214, _215, _216, _217, _218, _219, _220, _221, _222, _223, _224, _225, _226, _227, _228, _229, _230, _231, _232, _233, _234, _235, _236, _237, _238, _239, _240, _241, _242, _243, _244, _245, _246, _247, _248, _249, _250, _251, _252, _253, _254, _255, _256, _257, _258, _259, _260, _261, _262, _263, _264, _265, _266, _267, _268, _269, _270, _271, _272, _273, _274, _275, _276, _277, _278, _279, _280, _281, _282, _283, _284, _285, _286, _287, _288, _289, _290, _291, _292, _293, _294, _295, _296, _297, _298, _299, _300, _301, _302, _303, _304, _305, _306, _307, _308, _309, _310, _311, _312, _313, _314, _315, _316, _317, _318, _319, _160, _161, _162, _163, _164, _165, _166, _167, _168, _169, _170, _171, _172, _173, _174, _175, _176, _177, _178, _179, _180, _181, _182, _183, _184, _185, _186, _187, _188, _189, _190, _191, _480] [_482]",
    "EXPR [ (1, _482) -1 ]",
    "BLACKBOX::ECDSA_SECP256R1 [_352, _353, _354, _355, _356, _357, _358, _359, _360, _361, _362, _363, _364, _365, _366, _367, _368, _369, _370, _371, _372, _373, _374, _375, _376, _377, _378, _379, _380, _381, _382, _383, _384, _385, _386, _387, _388, _389, _390, _391, _392, _393, _394, _395, _396, _397, _398, _399, _400, _401, _402, _403, _404, _405, _406, _407, _408, _409, _410, _411, _412, _413, _414, _415, _416, _417, _418, _419, _420, _421, _422, _423, _424, _425, _426, _427, _428, _429, _430, _431, _432, _433, _434, _435, _436, _437, _438, _439, _440, _441, _442, _443, _444, _445, _446, _447, _448, _449, _450, _451, _452, _453, _454, _455, _456, _457, _458, _459, _460, _461, _462, _463, _464, _465, _466, _467, _468, _469, _470, _471, _472, _473, _474, _475, _476, _477, _478, _479, _320, _321, _322, _323, _324, _325, _326, _327, _328, _329, _330, _331, _332, _333, _334, _335, _336, _337, _338, _339, _340, _341, _342, _343, _344, _345, _346, _347, _348, _349, _350, _351, _480] [_483]",
    "EXPR [ (1, _483) -1 ]"
  ],
  "debug_symbols": "tZPRioQgFIbfxesustSsV1mWsLJBEAtHF5bo3fcYOk0XLsPAXP3q8fP/leOGJjn4W6/MvNxR97WhwSqt1a3XyyicWgysbnuB0rR3VkpYQk91oFZhpXGoM17rAv0I7Y9N91WYQ52wUC0LJM0ECgfOSssw2ouTLvNo3fAIE0YfOL3yOM9XuI181Z48pq/6k9O/rXP+//C0IpFnlOd48rn8rMHJn/M38jcPf06z928+l58zlvz51f8bZmJU9tKxiPASrApQHLWCJgpaAxaUwFMEpXBkUIa6dg8BrBKDlrHvZ2/Gp2/gftdUSR9ltcsoJ29lCHDUINIf",
  "file_map": {
    "15": {
      "source": "// docs:start:ecdsa_secp256r1\npub fn verify_signature<let N: u32>(\n    public_key_x: [u8; 32],\n    public_key_y: [u8; 32],\n    signature: [u8; 64],\n    message_hash: [u8; N],\n) -> bool\n// docs:end:ecdsa_secp256r1\n{\n    _verify_signature(public_key_x, public_key_y, signature, message_hash, true)\n}\n\n#[foreign(ecdsa_secp256r1)]\npub fn _verify_signature<let N: u32>(\n    public_key_x: [u8; 32],\n    public_key_y: [u8; 32],\n    signature: [u8; 64],\n    message_hash: [u8; N],\n    predicate: bool,\n) -> bool {}\n\n// docs:start:ecdsa_secp256r1_slice\npub fn verify_signature_slice(\n    public_key_x: [u8; 32],\n    public_key_y: [u8; 32],\n    signature: [u8; 64],\n    message_hash: [u8],\n) -> bool\n// docs:end:ecdsa_secp256r1_slice\n{\n    _verify_signature_slice(public_key_x, public_key_y, signature, message_hash, true)\n}\n\n#[foreign(ecdsa_secp256r1)]\nfn _verify_signature_slice(\n    public_key_x: [u8; 32],\n    public_key_y: [u8; 32],\n    signature: [u8; 64],\n    message_hash: [u8],\n    predicate: bool,\n) -> bool {}\n",
      "path": "std/ecdsa_secp256r1.nr"
    },
    "50": {
      "source": "fn main(\n    hashed_message: [u8; 32],\n    pub_key_x: [u8; 32],\n    pub_key_y: [u8; 32],\n    signature: [u8; 64],\n    hashed_message_2: [u8; 32],\n    pub_key_x_2: [u8; 32],\n    pub_key_y_2: [u8; 32],\n    signature_2: [u8; 64],\n    hashed_message_3: [u8; 32],\n    pub_key_x_3: [u8; 32],\n    pub_key_y_3: [u8; 32],\n    signature_3: [u8; 64],\n) {\n    let valid_signature =\n        std::ecdsa_secp256r1::verify_signature(pub_key_x, pub_key_y, signature, hashed_message);\n    assert(valid_signature);\n    let valid_signature_2 = std::ecdsa_secp256r1::verify_signature(\n        pub_key_x_2,\n        pub_key_y_2,\n        signature_2,\n        hashed_message_2,\n    );\n    assert(valid_signature_2);\n    let valid_signature_3 = std::ecdsa_secp256r1::verify_signature(\n        pub_key_x_3,\n        pub_key_y_3,\n        signature_3,\n        hashed_message_3,\n    );\n    assert(valid_signature_3);\n}\n",
      "path": ""
    }
  },
  "expression_width": {
    "Bounded": {
      "width": 4
    }
  }
}
